
 Start         Length     Name                   Class
 0001:00401000 000D303CH .text                   CODE
 0002:004D5000 00000B20H .itext                  ICODE
 0003:004D6000 00002CB0H .data                   DATA
 0004:004D9000 000050E4H .bss                    BSS
 0005:00000000 00000038H .tls                    TLS


Detailed map of segments

 0001:00000000 000065A9 C=CODE     S=.text    G=(none)   M=System   ACBP=A9
 0001:000065AC 00000105 C=CODE     S=.text    G=(none)   M=SysInit  ACBP=A9
 0001:000066B4 00000070 C=CODE     S=.text    G=(none)   M=Types    ACBP=A9
 0001:00006724 00000CAC C=CODE     S=.text    G=(none)   M=Windows  ACBP=A9
 0001:000073D0 00000062 C=CODE     S=.text    G=(none)   M=ActiveX  ACBP=A9
 0001:00007434 00000350 C=CODE     S=.text    G=(none)   M=SysConst ACBP=A9
 0001:00007784 00008381 C=CODE     S=.text    G=(none)   M=SysUtils ACBP=A9
 0001:0000FB08 0000081E C=CODE     S=.text    G=(none)   M=VarUtils ACBP=A9
 0001:00010328 000092AC C=CODE     S=.text    G=(none)   M=Variants ACBP=A9
 0001:000195D4 00000120 C=CODE     S=.text    G=(none)   M=RTLConsts ACBP=A9
 0001:000196F4 00001C03 C=CODE     S=.text    G=(none)   M=TypInfo  ACBP=A9
 0001:0001B2F8 0000B311 C=CODE     S=.text    G=(none)   M=Classes  ACBP=A9
 0001:0002660C 0000002D C=CODE     S=.text    G=(none)   M=Math     ACBP=A9
 0001:0002663C 00000191 C=CODE     S=.text    G=(none)   M=Contnrs  ACBP=A9
 0001:000267D0 00001262 C=CODE     S=.text    G=(none)   M=HelpIntfs ACBP=A9
 0001:00027A34 00000772 C=CODE     S=.text    G=(none)   M=MultiMon ACBP=A9
 0001:000281A8 000001D0 C=CODE     S=.text    G=(none)   M=CommCtrl ACBP=A9
 0001:00028378 00000300 C=CODE     S=.text    G=(none)   M=Consts   ACBP=A9
 0001:00028678 0000005D C=CODE     S=.text    G=(none)   M=IniFiles ACBP=A9
 0001:000286D8 000005C5 C=CODE     S=.text    G=(none)   M=Registry ACBP=A9
 0001:00028CA0 0000917E C=CODE     S=.text    G=(none)   M=Graphics ACBP=A9
 0001:00031E20 0000016A C=CODE     S=.text    G=(none)   M=SyncObjs ACBP=A9
 0001:00031F8C 00000BB9 C=CODE     S=.text    G=(none)   M=UxTheme  ACBP=A9
 0001:00032B48 00000194 C=CODE     S=.text    G=(none)   M=DwmApi   ACBP=A9
 0001:00032CDC 0000791D C=CODE     S=.text    G=(none)   M=StdCtrls ACBP=A9
 0001:0003A5FC 0000003A C=CODE     S=.text    G=(none)   M=Printers ACBP=A9
 0001:0003A638 00000103 C=CODE     S=.text    G=(none)   M=WideStrUtils ACBP=A9
 0001:0003A73C 00000D76 C=CODE     S=.text    G=(none)   M=GraphUtil ACBP=A9
 0001:0003B4B4 0000244E C=CODE     S=.text    G=(none)   M=ExtCtrls ACBP=A9
 0001:0003D904 00001B48 C=CODE     S=.text    G=(none)   M=Dialogs  ACBP=A9
 0001:0003F44C 0000003A C=CODE     S=.text    G=(none)   M=Clipbrd  ACBP=A9
 0001:0003F488 0000012D C=CODE     S=.text    G=(none)   M=StdActns ACBP=A9
 0001:0003F5B8 0000030E C=CODE     S=.text    G=(none)   M=FlatSB   ACBP=A9
 0001:0003F8C8 00007AE1 C=CODE     S=.text    G=(none)   M=Menus    ACBP=A9
 0001:000473AC 00014120 C=CODE     S=.text    G=(none)   M=Controls ACBP=A9
 0001:0005B4CC 00000C8E C=CODE     S=.text    G=(none)   M=Themes   ACBP=A9
 0001:0005C15C 000016DD C=CODE     S=.text    G=(none)   M=ImgList  ACBP=A9
 0001:0005D83C 00001332 C=CODE     S=.text    G=(none)   M=ActnList ACBP=A9
 0001:0005EB70 0000F484 C=CODE     S=.text    G=(none)   M=Forms    ACBP=A9
 0001:0006DFF4 000000CD C=CODE     S=.text    G=(none)   M=Buttons  ACBP=A9
 0001:0006E0C4 00000006 C=CODE     S=.text    G=(none)   M=FileCtrl ACBP=A9
 0001:0006E0CC 00003D60 C=CODE     S=.text    G=(none)   M=OracleCI ACBP=A9
 0001:00071E2C 00001D52 C=CODE     S=.text    G=(none)   M=WideStrings ACBP=A9
 0001:00073B80 00000158 C=CODE     S=.text    G=(none)   M=DBConsts ACBP=A9
 0001:00073CD8 0000562A C=CODE     S=.text    G=(none)   M=FMTBcd   ACBP=A9
 0001:00079304 00000037 C=CODE     S=.text    G=(none)   M=DateUtils ACBP=A9
 0001:0007933C 00000FB2 C=CODE     S=.text    G=(none)   M=SqlTimSt ACBP=A9
 0001:0007A2F0 00000B2E C=CODE     S=.text    G=(none)   M=MaskUtils ACBP=A9
 0001:0007AE20 00000020 C=CODE     S=.text    G=(none)   M=ComConst ACBP=A9
 0001:0007AE40 00000E07 C=CODE     S=.text    G=(none)   M=ComObj   ACBP=A9
 0001:0007BC48 00015749 C=CODE     S=.text    G=(none)   M=DB       ACBP=A9
 0001:00091394 00003F52 C=CODE     S=.text    G=(none)   M=OracleFilter ACBP=A9
 0001:000952E8 0000007C C=CODE     S=.text    G=(none)   M=ExtDlgs  ACBP=A9
 0001:00095364 00000062 C=CODE     S=.text    G=(none)   M=Mapi     ACBP=A9
 0001:000953C8 0000004D C=CODE     S=.text    G=(none)   M=ExtActns ACBP=A9
 0001:00095418 00000040 C=CODE     S=.text    G=(none)   M=ComStrs  ACBP=A9
 0001:00095458 00003CD8 C=CODE     S=.text    G=(none)   M=ComCtrls ACBP=A9
 0001:00099130 0000034F C=CODE     S=.text    G=(none)   M=OracleSelForm ACBP=A9
 0001:00099480 00001042 C=CODE     S=.text    G=(none)   M=OracleCompress ACBP=A9
 0001:0009A4C4 0001C720 C=CODE     S=.text    G=(none)   M=OracleData ACBP=A9
 0001:000B6BE4 000003DE C=CODE     S=.text    G=(none)   M=OracleLogon ACBP=A9
 0001:000B6FC4 000001CB C=CODE     S=.text    G=(none)   M=OracleVisual ACBP=A9
 0001:000B7190 00001FD4 C=CODE     S=.text    G=(none)   M=OracleTypes ACBP=A9
 0001:000B9164 000191A4 C=CODE     S=.text    G=(none)   M=Oracle   ACBP=A9
 0001:000D2308 00000A6C C=CODE     S=.text    G=(none)   M=UnTest   ACBP=A9
 0001:000D2D74 000002C8 C=CODE     S=.text    G=(none)   M=DICOM_Viewer_Test ACBP=A9
 0002:00000000 00000095 C=ICODE    S=.itext   G=(none)   M=System   ACBP=A9
 0002:00000098 00000011 C=ICODE    S=.itext   G=(none)   M=Windows  ACBP=A9
 0002:000000AC 00000088 C=ICODE    S=.itext   G=(none)   M=SysUtils ACBP=A9
 0002:00000134 0000000F C=ICODE    S=.itext   G=(none)   M=VarUtils ACBP=A9
 0002:00000144 000000AA C=ICODE    S=.itext   G=(none)   M=Variants ACBP=A9
 0002:000001F0 00000008 C=ICODE    S=.itext   G=(none)   M=TypInfo  ACBP=A9
 0002:000001F8 00000092 C=ICODE    S=.itext   G=(none)   M=Classes  ACBP=A9
 0002:0000028C 00000008 C=ICODE    S=.itext   G=(none)   M=HelpIntfs ACBP=A9
 0002:00000294 0000000F C=ICODE    S=.itext   G=(none)   M=MultiMon ACBP=A9
 0002:000002A4 00000008 C=ICODE    S=.itext   G=(none)   M=IniFiles ACBP=A9
 0002:000002AC 00000008 C=ICODE    S=.itext   G=(none)   M=Registry ACBP=A9
 0002:000002B4 000000FB C=ICODE    S=.itext   G=(none)   M=Graphics ACBP=A9
 0002:000003B0 0000001B C=ICODE    S=.itext   G=(none)   M=UxTheme  ACBP=A9
 0002:000003CC 00000008 C=ICODE    S=.itext   G=(none)   M=DwmApi   ACBP=A9
 0002:000003D4 00000008 C=ICODE    S=.itext   G=(none)   M=Printers ACBP=A9
 0002:000003DC 00000098 C=ICODE    S=.itext   G=(none)   M=GraphUtil ACBP=A9
 0002:00000474 00000044 C=ICODE    S=.itext   G=(none)   M=ExtCtrls ACBP=A9
 0002:000004B8 0000003D C=ICODE    S=.itext   G=(none)   M=Dialogs  ACBP=A9
 0002:000004F8 00000058 C=ICODE    S=.itext   G=(none)   M=Clipbrd  ACBP=A9
 0002:00000550 0000000F C=ICODE    S=.itext   G=(none)   M=FlatSB   ACBP=A9
 0002:00000560 00000085 C=ICODE    S=.itext   G=(none)   M=Menus    ACBP=A9
 0002:000005E8 0000008F C=ICODE    S=.itext   G=(none)   M=Controls ACBP=A9
 0002:00000678 00000008 C=ICODE    S=.itext   G=(none)   M=Themes   ACBP=A9
 0002:00000680 0000002A C=ICODE    S=.itext   G=(none)   M=ActnList ACBP=A9
 0002:000006AC 00000070 C=ICODE    S=.itext   G=(none)   M=Forms    ACBP=A9
 0002:0000071C 00000025 C=ICODE    S=.itext   G=(none)   M=Buttons  ACBP=A9
 0002:00000744 0000001B C=ICODE    S=.itext   G=(none)   M=OracleCI ACBP=A9
 0002:00000760 0000000F C=ICODE    S=.itext   G=(none)   M=WideStrings ACBP=A9
 0002:00000770 0000001B C=ICODE    S=.itext   G=(none)   M=FMTBcd   ACBP=A9
 0002:0000078C 0000001B C=ICODE    S=.itext   G=(none)   M=SqlTimSt ACBP=A9
 0002:000007A8 00000055 C=ICODE    S=.itext   G=(none)   M=ComObj   ACBP=A9
 0002:00000800 0000008C C=ICODE    S=.itext   G=(none)   M=DB       ACBP=A9
 0002:0000088C 00000008 C=ICODE    S=.itext   G=(none)   M=OracleFilter ACBP=A9
 0002:00000894 00000014 C=ICODE    S=.itext   G=(none)   M=ExtDlgs  ACBP=A9
 0002:000008A8 00000008 C=ICODE    S=.itext   G=(none)   M=Mapi     ACBP=A9
 0002:000008B0 00000008 C=ICODE    S=.itext   G=(none)   M=ExtActns ACBP=A9
 0002:000008B8 00000008 C=ICODE    S=.itext   G=(none)   M=ComCtrls ACBP=A9
 0002:000008C0 0000001B C=ICODE    S=.itext   G=(none)   M=OracleCompress ACBP=A9
 0002:000008DC 00000008 C=ICODE    S=.itext   G=(none)   M=OracleData ACBP=A9
 0002:000008E4 00000021 C=ICODE    S=.itext   G=(none)   M=OracleLogon ACBP=A9
 0002:00000908 000001C4 C=ICODE    S=.itext   G=(none)   M=Oracle   ACBP=A9
 0002:00000ACC 00000053 C=ICODE    S=.itext   G=(none)   M=DICOM_Viewer_Test ACBP=A9
 0003:00000000 00000798 C=DATA     S=.data    G=DGROUP   M=System   ACBP=A9
 0003:00000798 00000020 C=DATA     S=.data    G=DGROUP   M=SysInit  ACBP=A9
 0003:000007B8 00000010 C=DATA     S=.data    G=DGROUP   M=ActiveX  ACBP=A9
 0003:000007C8 00000270 C=DATA     S=.data    G=DGROUP   M=SysUtils ACBP=A9
 0003:00000A38 00000110 C=DATA     S=.data    G=DGROUP   M=VarUtils ACBP=A9
 0003:00000B48 000001BA C=DATA     S=.data    G=DGROUP   M=Variants ACBP=A9
 0003:00000D04 0000000C C=DATA     S=.data    G=DGROUP   M=TypInfo  ACBP=A9
 0003:00000D10 00000064 C=DATA     S=.data    G=DGROUP   M=Classes  ACBP=A9
 0003:00000D74 00000008 C=DATA     S=.data    G=DGROUP   M=IniFiles ACBP=A9
 0003:00000D7C 00000008 C=DATA     S=.data    G=DGROUP   M=Registry ACBP=A9
 0003:00000D84 0000030C C=DATA     S=.data    G=DGROUP   M=Graphics ACBP=A9
 0003:00001090 000000C0 C=DATA     S=.data    G=DGROUP   M=StdCtrls ACBP=A9
 0003:00001150 00000004 C=DATA     S=.data    G=DGROUP   M=Printers ACBP=A9
 0003:00001154 00000450 C=DATA     S=.data    G=DGROUP   M=GraphUtil ACBP=A9
 0003:000015A4 00000020 C=DATA     S=.data    G=DGROUP   M=ExtCtrls ACBP=A9
 0003:000015C4 000000F8 C=DATA     S=.data    G=DGROUP   M=Dialogs  ACBP=A9
 0003:000016BC 0000012C C=DATA     S=.data    G=DGROUP   M=Menus    ACBP=A9
 0003:000017E8 00000140 C=DATA     S=.data    G=DGROUP   M=Controls ACBP=A9
 0003:00001928 00000068 C=DATA     S=.data    G=DGROUP   M=Themes   ACBP=A9
 0003:00001990 00000020 C=DATA     S=.data    G=DGROUP   M=ImgList  ACBP=A9
 0003:000019B0 0000013C C=DATA     S=.data    G=DGROUP   M=Forms    ACBP=A9
 0003:00001AEC 0000002C C=DATA     S=.data    G=DGROUP   M=Buttons  ACBP=A9
 0003:00001B18 00000094 C=DATA     S=.data    G=DGROUP   M=OracleCI ACBP=A9
 0003:00001BAC 00000121 C=DATA     S=.data    G=DGROUP   M=FMTBcd   ACBP=A9
 0003:00001CD0 0000003C C=DATA     S=.data    G=DGROUP   M=SqlTimSt ACBP=A9
 0003:00001D0C 00000005 C=DATA     S=.data    G=DGROUP   M=MaskUtils ACBP=A9
 0003:00001D14 00000030 C=DATA     S=.data    G=DGROUP   M=ComObj   ACBP=A9
 0003:00001D44 00000256 C=DATA     S=.data    G=DGROUP   M=DB       ACBP=A9
 0003:00001F9C 00000118 C=DATA     S=.data    G=DGROUP   M=OracleFilter ACBP=A9
 0003:000020B4 00000018 C=DATA     S=.data    G=DGROUP   M=ExtDlgs  ACBP=A9
 0003:000020CC 00000008 C=DATA     S=.data    G=DGROUP   M=Mapi     ACBP=A9
 0003:000020D4 00000064 C=DATA     S=.data    G=DGROUP   M=ComCtrls ACBP=A9
 0003:00002138 000002A2 C=DATA     S=.data    G=DGROUP   M=OracleCompress ACBP=A9
 0003:000023DC 00000038 C=DATA     S=.data    G=DGROUP   M=OracleData ACBP=A9
 0003:00002414 00000040 C=DATA     S=.data    G=DGROUP   M=OracleLogon ACBP=A9
 0003:00002454 000000BC C=DATA     S=.data    G=DGROUP   M=Oracle   ACBP=A9
 0004:00000000 000027F4 C=BSS      S=.bss     G=DGROUP   M=System   ACBP=A9
 0004:000027F4 0000000C C=BSS      S=.bss     G=DGROUP   M=SysInit  ACBP=A9
 0004:00002800 00000008 C=BSS      S=.bss     G=DGROUP   M=Windows  ACBP=A9
 0004:00002808 00002108 C=BSS      S=.bss     G=DGROUP   M=SysUtils ACBP=A9
 0004:00004910 0000005C C=BSS      S=.bss     G=DGROUP   M=VarUtils ACBP=A9
 0004:0000496C 00000040 C=BSS      S=.bss     G=DGROUP   M=Variants ACBP=A9
 0004:000049AC 00000004 C=BSS      S=.bss     G=DGROUP   M=TypInfo  ACBP=A9
 0004:000049B0 00000044 C=BSS      S=.bss     G=DGROUP   M=Classes  ACBP=A9
 0004:000049F4 00000008 C=BSS      S=.bss     G=DGROUP   M=HelpIntfs ACBP=A9
 0004:000049FC 00000031 C=BSS      S=.bss     G=DGROUP   M=MultiMon ACBP=A9
 0004:00004A30 0000000C C=BSS      S=.bss     G=DGROUP   M=CommCtrl ACBP=A9
 0004:00004A3C 00000004 C=BSS      S=.bss     G=DGROUP   M=IniFiles ACBP=A9
 0004:00004A40 00000004 C=BSS      S=.bss     G=DGROUP   M=Registry ACBP=A9
 0004:00004A44 00000060 C=BSS      S=.bss     G=DGROUP   M=Graphics ACBP=A9
 0004:00004AA4 000000DC C=BSS      S=.bss     G=DGROUP   M=UxTheme  ACBP=A9
 0004:00004B80 00000010 C=BSS      S=.bss     G=DGROUP   M=DwmApi   ACBP=A9
 0004:00004B90 00000004 C=BSS      S=.bss     G=DGROUP   M=Printers ACBP=A9
 0004:00004B94 00000010 C=BSS      S=.bss     G=DGROUP   M=GraphUtil ACBP=A9
 0004:00004BA4 00000008 C=BSS      S=.bss     G=DGROUP   M=ExtCtrls ACBP=A9
 0004:00004BAC 00000038 C=BSS      S=.bss     G=DGROUP   M=Dialogs  ACBP=A9
 0004:00004BE4 0000000C C=BSS      S=.bss     G=DGROUP   M=Clipbrd  ACBP=A9
 0004:00004BF0 00000034 C=BSS      S=.bss     G=DGROUP   M=FlatSB   ACBP=A9
 0004:00004C24 00000010 C=BSS      S=.bss     G=DGROUP   M=Menus    ACBP=A9
 0004:00004C34 00000088 C=BSS      S=.bss     G=DGROUP   M=Controls ACBP=A9
 0004:00004CBC 0000000C C=BSS      S=.bss     G=DGROUP   M=Themes   ACBP=A9
 0004:00004CC8 00000008 C=BSS      S=.bss     G=DGROUP   M=ImgList  ACBP=A9
 0004:00004CD0 00000004 C=BSS      S=.bss     G=DGROUP   M=ActnList ACBP=A9
 0004:00004CD4 00000031 C=BSS      S=.bss     G=DGROUP   M=Forms    ACBP=A9
 0004:00004D08 00000030 C=BSS      S=.bss     G=DGROUP   M=Buttons  ACBP=A9
 0004:00004D38 000002A9 C=BSS      S=.bss     G=DGROUP   M=OracleCI ACBP=A9
 0004:00004FE4 00000008 C=BSS      S=.bss     G=DGROUP   M=WideStrings ACBP=A9
 0004:00004FEC 00000004 C=BSS      S=.bss     G=DGROUP   M=FMTBcd   ACBP=A9
 0004:00004FF0 00000004 C=BSS      S=.bss     G=DGROUP   M=SqlTimSt ACBP=A9
 0004:00004FF4 00000011 C=BSS      S=.bss     G=DGROUP   M=ComObj   ACBP=A9
 0004:00005008 0000000C C=BSS      S=.bss     G=DGROUP   M=DB       ACBP=A9
 0004:00005014 00000004 C=BSS      S=.bss     G=DGROUP   M=OracleFilter ACBP=A9
 0004:00005018 00000004 C=BSS      S=.bss     G=DGROUP   M=ExtDlgs  ACBP=A9
 0004:0000501C 00000004 C=BSS      S=.bss     G=DGROUP   M=Mapi     ACBP=A9
 0004:00005020 00000009 C=BSS      S=.bss     G=DGROUP   M=ExtActns ACBP=A9
 0004:0000502C 0000000C C=BSS      S=.bss     G=DGROUP   M=ComCtrls ACBP=A9
 0004:00005038 00000030 C=BSS      S=.bss     G=DGROUP   M=OracleCompress ACBP=A9
 0004:00005068 00000008 C=BSS      S=.bss     G=DGROUP   M=OracleData ACBP=A9
 0004:00005070 00000008 C=BSS      S=.bss     G=DGROUP   M=OracleLogon ACBP=A9
 0004:00005078 00000068 C=BSS      S=.bss     G=DGROUP   M=Oracle   ACBP=A9
 0004:000050E0 00000004 C=BSS      S=.bss     G=DGROUP   M=UnTest   ACBP=A9
 0005:00000000 00000008 C=TLS      S=.tls     G=(none)   M=System   ACBP=A9
 0005:00000008 00000008 C=TLS      S=.tls     G=(none)   M=Classes  ACBP=A9
 0005:00000010 00000028 C=TLS      S=.tls     G=(none)   M=GraphUtil ACBP=A9


  Address             Publics by Name

 0001:00007404       ActiveX.CoInitialize
 0001:00007414       ActiveX.CoTaskMemAlloc
 0001:0000741C       ActiveX.CoTaskMemFree
 0001:0000740C       ActiveX.CoUninitialize
 0001:0000742C       ActiveX.GetErrorInfo
 0003:000007B8       ActiveX.GUID_NULL
 0001:00007424       ActiveX.SysFreeString
 0004:00004CD0       ActnList..9
 0001:0005DC64       ActnList..TActionLink
 0001:0005D83C       ActnList..TContainedAction
 0001:0005DB5C       ActnList..TCustomAction
 0001:0005D960       ActnList..TCustomActionList
 0001:0005DA40       ActnList..TShortCutList
 0002:00000680       ActnList.ActnList
 0001:0005EB40       ActnList.Finalization
 0001:0005E354       ActnList.TActionLink.IsCaptionLinked
 0001:0005E368       ActnList.TActionLink.IsCheckedLinked
 0001:0005E37C       ActnList.TActionLink.IsEnabledLinked
 0001:0005E390       ActnList.TActionLink.IsGroupIndexLinked
 0001:0005E3A4       ActnList.TActionLink.IsHelpContextLinked
 0001:0005E3B8       ActnList.TActionLink.IsHelpLinked
 0001:0005E3CC       ActnList.TActionLink.IsHintLinked
 0001:0005E3E0       ActnList.TActionLink.IsImageIndexLinked
 0001:0005E3F4       ActnList.TActionLink.IsShortCutLinked
 0001:0005E408       ActnList.TActionLink.IsVisibleLinked
 0001:0005E41C       ActnList.TActionLink.SetAutoCheck
 0001:0005E420       ActnList.TActionLink.SetCaption
 0001:0005E424       ActnList.TActionLink.SetChecked
 0001:0005E428       ActnList.TActionLink.SetEnabled
 0001:0005E42C       ActnList.TActionLink.SetGroupIndex
 0001:0005E430       ActnList.TActionLink.SetHelpContext
 0001:0005E434       ActnList.TActionLink.SetHelpKeyword
 0001:0005E438       ActnList.TActionLink.SetHelpType
 0001:0005E43C       ActnList.TActionLink.SetHint
 0001:0005E440       ActnList.TActionLink.SetImageIndex
 0001:0005E444       ActnList.TActionLink.SetShortCut
 0001:0005E448       ActnList.TActionLink.SetVisible
 0001:0005DD34       ActnList.TContainedAction.Destroy
 0001:0005DEA0       ActnList.TContainedAction.Execute
 0001:0005DD68       ActnList.TContainedAction.GetIndex
 0001:0005DD84       ActnList.TContainedAction.GetParentComponent
 0001:0005DD94       ActnList.TContainedAction.HasParent
 0001:0005DD80       ActnList.TContainedAction.IsCategoryStored
 0001:0005DDA4       ActnList.TContainedAction.ReadState
 0001:0005DE4C       ActnList.TContainedAction.SetActionList
 0001:0005DE20       ActnList.TContainedAction.SetCategory
 0001:0005DDD8       ActnList.TContainedAction.SetIndex
 0001:0005DE74       ActnList.TContainedAction.SetParentComponent
 0001:0005DEF8       ActnList.TContainedAction.Update
 0001:0005E4F0       ActnList.TCustomAction.AssignTo
 0001:0005E44C       ActnList.TCustomAction.Create
 0001:0005E4A0       ActnList.TCustomAction.Destroy
 0001:0005EA10       ActnList.TCustomAction.DoHint
 0001:0005EA38       ActnList.TCustomAction.Execute
 0001:0005EA9C       ActnList.TCustomAction.GetSecondaryShortCuts
 0001:0005EAC4       ActnList.TCustomAction.HandleShortCut
 0001:0005E5A0       ActnList.TCustomAction.SetCaption
 0001:0005E600       ActnList.TCustomAction.SetChecked
 0001:0005E708       ActnList.TCustomAction.SetEnabled
 0001:0005E7EC       ActnList.TCustomAction.SetHelpContext
 0001:0005E784       ActnList.TCustomAction.SetHelpKeyword
 0001:0005E844       ActnList.TCustomAction.SetHint
 0001:0005E8A4       ActnList.TCustomAction.SetImageIndex
 0001:0005E9C4       ActnList.TCustomAction.SetName
 0001:0005E900       ActnList.TCustomAction.SetShortCut
 0001:0005E964       ActnList.TCustomAction.SetVisible
 0001:0005E128       ActnList.TCustomActionList.AddAction
 0001:0005E164       ActnList.TCustomActionList.Change
 0001:0005DF50       ActnList.TCustomActionList.Create
 0001:0005DFBC       ActnList.TCustomActionList.Destroy
 0001:0005E270       ActnList.TCustomActionList.ExecuteAction
 0001:0005E084       ActnList.TCustomActionList.GetAction
 0001:0005E098       ActnList.TCustomActionList.GetActionCount
 0001:0005E00C       ActnList.TCustomActionList.GetChildren
 0001:0005E0D4       ActnList.TCustomActionList.ImageListChange
 0001:0005E1CC       ActnList.TCustomActionList.IsShortCut
 0001:0005E0E0       ActnList.TCustomActionList.Notification
 0001:0005E148       ActnList.TCustomActionList.RemoveAction
 0001:0005E054       ActnList.TCustomActionList.SetChildOrder
 0001:0005E0A0       ActnList.TCustomActionList.SetImages
 0001:0005E2B0       ActnList.TCustomActionList.SetState
 0001:0005E290       ActnList.TCustomActionList.UpdateAction
 0001:0005EAD0       ActnList.TShortCutList.Add
 0001:0005EAFC       ActnList.TShortCutList.IndexOfShortCut
 0004:00004D08       Buttons..5
 0003:00001AEC       Buttons.BitBtnCaptions
 0004:00004D0C       Buttons.BitBtnGlyphs
 0002:0000071C       Buttons.Buttons
 0001:0006DFF4       Buttons.DestroyLocals
 0001:0006E08C       Buttons.Finalization
 0004:000049BC       Classes..95
 0001:0001B8C0       Classes..EBitsError
 0001:0001B7B0       Classes..EClassNotFound
 0001:0001B978       Classes..EComponentError
 0001:0001B5F4       Classes..EFCreateError
 0001:0001B6A8       Classes..EFilerError
 0001:0001B594       Classes..EFileStreamError
 0001:0001B650       Classes..EFOpenError
 0001:0001BA30       Classes..EInvalidOperation
 0001:0001B868       Classes..EListError
 0001:0001B9D4       Classes..EOutOfResources
 0001:0001B700       Classes..EReadError
 0001:0001B80C       Classes..EResNotFound
 0001:0001B538       Classes..EStreamError
 0001:0001B918       Classes..EStringListError
 0001:0001C860       Classes..EThread
 0001:0001B758       Classes..EWriteError
 0001:0001CBE4       Classes..TBasicAction
 0001:0001CB64       Classes..TBasicActionLink
 0001:0001BB4C       Classes..TBits
 0001:0001C70C       Classes..TClassFinder
 0001:0001BDFC       Classes..TCollection
 0001:0001BD44       Classes..TCollectionItem
 0001:0001CA04       Classes..TComponent
 0001:0001C3A8       Classes..TCustomMemoryStream
 0001:0001C768       Classes..TFiler
 0001:0001C320       Classes..TFileStream
 0001:0001C2A8       Classes..THandleStream
 0001:0001DA8C       Classes..TIntConst
 0001:0001BC90       Classes..TInterfacedPersistent
 0001:0001BA90       Classes..TList
 0001:0001C454       Classes..TMemoryStream
 0001:0001BED0       Classes..TOwnedCollection
 0001:0001BBA0       Classes..TPersistent
 0001:00021640       Classes..TPropFixup
 0001:000216B8       Classes..TPropIntfFixup
 0001:0001C7CC       Classes..TReader
 0001:0001CD68       Classes..TRegGroup
 0001:0001CDC0       Classes..TRegGroups
 0001:0001C4F8       Classes..TResourceStream
 0001:0001C214       Classes..TStream
 0001:0001C684       Classes..TStreamAdapter
 0001:0001C0FC       Classes..TStringList
 0001:0001BFC4       Classes..TStrings
 0001:0001C8B4       Classes..TThread
 0001:0001BAF4       Classes..TThreadList
 0001:0001DA30       Classes.ActivateClassGroup
 0003:00000D10       Classes.AddDataModule
 0001:00021918       Classes.AddFinished
 0001:00021950       Classes.AddNotFinished
 0001:000224C4       Classes.AddSubComponentsToLoaded
 0001:00024A98       Classes.AddThread
 0001:00026480       Classes.AllocateHWnd
 0003:00000D20       Classes.ApplicationHandleException
 0003:00000D28       Classes.ApplicationShowException
 0001:0001DD88       Classes.BeginGlobalLoading
 0003:00000D48       Classes.BlockCode
 0001:0001CD2C       Classes.Bounds
 0001:000263BC       Classes.CalcJmpOffset
 0001:00022500       Classes.CheckSubComponents
 0001:00024AB0       Classes.CheckSynchronize
 0002:000001F8       Classes.Classes
 0001:0001D7F4       Classes.ClassNotFound
 0001:000225E0       Classes.ComponentCreated
 0001:00022660       Classes.CreateComponent
 0001:00026534       Classes.DeallocateHWnd
 0001:00024A4C       Classes.DoneThreadSynchronization
 0001:0001F3E4       Classes.DoWrite
 0001:0001DE10       Classes.EndGlobalLoading
 0001:00021478       Classes.Error
 0001:0001D394       Classes.Error
 0003:00000D38       Classes.FilerSignature
 0001:0002655C       Classes.Finalization
 0001:0001D8B4       Classes.FindClass
 0001:00022810       Classes.FindExistingComponent
 0001:0001DCA0       Classes.FindGlobalComponent
 0004:000049C8       Classes.FindGlobalComponentProcs
 0001:0001DB48       Classes.FindIdentToInt
 0001:0002184C       Classes.FindNestedComponent
 0001:000237B4       Classes.FindUniqueName
 0001:00026328       Classes.FreeIntConstList
 0001:0002645C       Classes.FreeObjectInstance
 0001:0001D860       Classes.GetClass
 0001:0001E9B0       Classes.GetDesigner
 0001:0001D7E8       Classes.GetFieldClassTable
 0004:000049CC       Classes.GlobalFixupList
 0001:00021998       Classes.GlobalFixupReferences
 0005:0000000C       Classes.GlobalLists
 0005:00000008       Classes.GlobalLoaded
 0004:000049B0       Classes.GlobalNameSpace
 0001:0001D9DC       Classes.GroupDescendentsWith
 0001:00022F84       Classes.HandleException
 0001:0001DBC4       Classes.IdentToInt
 0001:0001DE6C       Classes.InitComponent
 0001:0001DF14       Classes.InitInheritedComponent
 0001:00024A18       Classes.InitThreadSynchronization
 0004:000049EC       Classes.InstBlockList
 0004:000049F0       Classes.InstFreeList
 0004:000049C0       Classes.IntConstList
 0001:0001DD04       Classes.InternalReadComponentRes
 0001:0001DC04       Classes.IntToIdent
 0001:0001CD54       Classes.InvalidPoint
 0001:0001DCE0       Classes.IsUniqueGlobalComponentName
 0004:000049B4       Classes.IsUniqueGlobalComponentNameProc
 0001:000263C4       Classes.MakeObjectInstance
 0001:0001E5D4       Classes.Min
 0001:00026394       Classes.ModuleUnload
 0003:00000D3C       Classes.NilMethod
 0001:0001EA50       Classes.NotifyDesigner
 0001:0001DDE0       Classes.NotifyGlobalLoading
 0001:0001CCDC       Classes.Point
 0001:0001D120       Classes.PointerInModule
 0001:00021CB8       Classes.PropertyNotFound
 0001:00023084       Classes.PropPathError
 0001:00021CAC       Classes.PropValueError
 0001:00020C68       Classes.RaiseException
 0001:00024368       Classes.ReadCustomVariant
 0001:00021C94       Classes.ReadError
 0001:00022600       Classes.Recover
 0001:0001CD04       Classes.Rect
 0004:000049C4       Classes.RegGroups
 0001:0001D8D4       Classes.RegisterClass
 0001:0001DC48       Classes.RegisterFindGlobalComponentProc
 0001:0001DB1C       Classes.RegisterIntegerConsts
 0003:00000D18       Classes.RemoveDataModule
 0001:00021B64       Classes.RemoveFixupReferences
 0001:00021C10       Classes.RemoveFixups
 0001:00021FA8       Classes.RemoveGlobalFixup
 0001:00024AA4       Classes.RemoveThread
 0001:00024A64       Classes.ResetSyncEvent
 0001:0001E0A4       Classes.ReturnAddr
 0001:0001F544       Classes.ReturnAddr
 0001:00022770       Classes.SetCompName
 0001:00021CE4       Classes.SetElementValue
 0001:000233DC       Classes.SetInterfaceReference
 0001:000232F8       Classes.SetIntIdent
 0001:00023340       Classes.SetObjectIdent
 0001:00022578       Classes.SetSubComponentState
 0001:00023380       Classes.SetVariantReference
 0001:00024A8C       Classes.SignalSyncEvent
 0001:00023E88       Classes.SkipBinary
 0001:00023EB8       Classes.SkipCollection
 0001:00023E60       Classes.SkipList
 0001:0001CCF4       Classes.SmallPoint
 0001:0001D990       Classes.StartClassGroup
 0001:0002639C       Classes.StdWndProc
 0001:00020A90       Classes.StringListCompareStrings
 0004:000049B8       Classes.SyncEvent
 0003:00000D44       Classes.SyncList
 0001:00025D94       Classes.TBasicAction.Change
 0001:00025C28       Classes.TBasicAction.Create
 0001:00025C6C       Classes.TBasicAction.Destroy
 0001:00025D00       Classes.TBasicAction.Execute
 0001:00025CD0       Classes.TBasicAction.ExecuteTarget
 0001:00025CCC       Classes.TBasicAction.HandlesTarget
 0001:00025CD4       Classes.TBasicAction.Notification
 0001:00025DA8       Classes.TBasicAction.RegisterChanges
 0001:00025DF4       Classes.TBasicAction.SetActionComponent
 0001:00025D38       Classes.TBasicAction.SetOnExecute
 0001:00025DB4       Classes.TBasicAction.UnRegisterChanges
 0001:00025D1C       Classes.TBasicAction.Update
 0001:00025CFC       Classes.TBasicAction.UpdateTarget
 0001:00025B78       Classes.TBasicActionLink.AssignClient
 0001:00025BB0       Classes.TBasicActionLink.Change
 0001:00025B34       Classes.TBasicActionLink.Create
 0001:00025B7C       Classes.TBasicActionLink.Destroy
 0001:00025BC8       Classes.TBasicActionLink.Execute
 0001:00025C10       Classes.TBasicActionLink.IsOnExecuteLinked
 0001:00025BE4       Classes.TBasicActionLink.SetAction
 0001:00025C14       Classes.TBasicActionLink.SetOnExecute
 0001:00025C1C       Classes.TBasicActionLink.Update
 0001:0001E58C       Classes.TBits.Destroy
 0001:0001E5BC       Classes.TBits.Error
 0001:0001E6B0       Classes.TBits.OpenBit
 0001:0001E684       Classes.TBits.SetBit
 0001:0001E5E0       Classes.TBits.SetSize
 0001:0001D604       Classes.TClassFinder.Create
 0001:0001D730       Classes.TClassFinder.Destroy
 0001:0001D760       Classes.TClassFinder.GetClass
 0001:0001ED30       Classes.TCollection.Add
 0001:0001F164       Classes.TCollection.Added
 0001:0001ED50       Classes.TCollection.Assign
 0001:0001EDE8       Classes.TCollection.BeginUpdate
 0001:0001EDEC       Classes.TCollection.Changed
 0001:0001EDFC       Classes.TCollection.Clear
 0001:0001EC98       Classes.TCollection.Create
 0001:0001F168       Classes.TCollection.Deleting
 0001:0001ECE4       Classes.TCollection.Destroy
 0001:0001EE64       Classes.TCollection.EndUpdate
 0001:0001EE74       Classes.TCollection.GetAttr
 0001:0001EE70       Classes.TCollection.GetAttrCount
 0001:0001EEA0       Classes.TCollection.GetCount
 0001:0001EEA8       Classes.TCollection.GetItem
 0001:0001EE80       Classes.TCollection.GetItemAttr
 0001:0001EEBC       Classes.TCollection.GetNamePath
 0001:0001EF84       Classes.TCollection.GetPropName
 0001:0001F0A0       Classes.TCollection.InsertItem
 0001:0001F16C       Classes.TCollection.Notify
 0001:0001F108       Classes.TCollection.RemoveItem
 0001:0001F15C       Classes.TCollection.SetItemName
 0001:0001F160       Classes.TCollection.Update
 0001:0001EB1C       Classes.TCollectionItem.Changed
 0001:0001EAB4       Classes.TCollectionItem.Create
 0001:0001EAEC       Classes.TCollectionItem.Destroy
 0001:0001EB58       Classes.TCollectionItem.GetDisplayName
 0001:0001EB40       Classes.TCollectionItem.GetIndex
 0001:0001EB80       Classes.TCollectionItem.GetNamePath
 0001:0001EC34       Classes.TCollectionItem.GetOwner
 0001:0001EC38       Classes.TCollectionItem.SetCollection
 0001:0001EC60       Classes.TCollectionItem.SetDisplayName
 0001:0001EC68       Classes.TCollectionItem.SetIndex
 0001:000253CC       Classes.TComponent.BeforeDestruction
 0001:00025904       Classes.TComponent.ChangeName
 0001:00025304       Classes.TComponent.Create
 0001:00025694       Classes.TComponent.DefineProperties
 0001:00025350       Classes.TComponent.Destroy
 0001:0002555C       Classes.TComponent.DestroyComponents
 0001:000255B8       Classes.TComponent.Destroying
 0001:00025A40       Classes.TComponent.ExecuteAction
 0001:00025824       Classes.TComponent.FindComponent
 0001:000253D8       Classes.TComponent.FreeNotification
 0001:00025728       Classes.TComponent.GetChildOwner
 0001:0002572C       Classes.TComponent.GetChildParent
 0001:00025720       Classes.TComponent.GetChildren
 0001:00025918       Classes.TComponent.GetComponent
 0001:00025944       Classes.TComponent.GetComponentCount
 0001:00025730       Classes.TComponent.GetNamePath
 0001:00025744       Classes.TComponent.GetOwner
 0001:0002574C       Classes.TComponent.GetParentComponent
 0001:0002571C       Classes.TComponent.HasParent
 0001:0002546C       Classes.TComponent.Insert
 0001:000254C0       Classes.TComponent.InsertComponent
 0001:00025B30       Classes.TComponent.IntfGetComponent
 0001:0002576C       Classes.TComponent.Loaded
 0001:00025634       Classes.TComponent.Notification
 0001:00025778       Classes.TComponent.PaletteCreated
 0001:00025AB0       Classes.TComponent.QueryInterface
 0001:0002542C       Classes.TComponent.ReadLeft
 0001:0002577C       Classes.TComponent.ReadState
 0001:00025440       Classes.TComponent.ReadTop
 0001:00025498       Classes.TComponent.Remove
 0001:00025524       Classes.TComponent.RemoveComponent
 0001:00025618       Classes.TComponent.RemoveFreeNotification
 0001:000255F4       Classes.TComponent.RemoveNotification
 0001:00025A90       Classes.TComponent.SafeCallException
 0001:00025748       Classes.TComponent.SetChildOrder
 0001:00025954       Classes.TComponent.SetComponentIndex
 0001:000259A8       Classes.TComponent.SetDesigning
 0001:00025874       Classes.TComponent.SetName
 0001:00025750       Classes.TComponent.SetParentComponent
 0001:000259F8       Classes.TComponent.SetReference
 0001:00025A68       Classes.TComponent.UpdateAction
 0001:00025760       Classes.TComponent.Updated
 0001:00025AA8       Classes.TComponent.UpdateRegistry
 0001:00025754       Classes.TComponent.Updating
 0001:0002580C       Classes.TComponent.ValidateContainer
 0001:00025820       Classes.TComponent.ValidateInsert
 0001:0002578C       Classes.TComponent.ValidateRename
 0001:00025454       Classes.TComponent.WriteLeft
 0001:00025784       Classes.TComponent.WriteState
 0001:00025460       Classes.TComponent.WriteTop
 0001:00025AF0       Classes.TComponent._AddRef
 0001:00025B10       Classes.TComponent._Release
 0001:00021224       Classes.TCustomMemoryStream.Read
 0001:0002125C       Classes.TCustomMemoryStream.Seek
 0001:0002121C       Classes.TCustomMemoryStream.SetPointer
 0001:000215CC       Classes.TFiler.Create
 0001:00021614       Classes.TFiler.Destroy
 0001:0002163C       Classes.TFiler.SetRoot
 0001:00021030       Classes.TFileStream.Create
 0001:00021074       Classes.TFileStream.Create
 0001:000211E8       Classes.TFileStream.Destroy
 0001:00020F6C       Classes.THandleStream.Create
 0001:00020FA8       Classes.THandleStream.Read
 0001:00020FC8       Classes.THandleStream.Seek
 0001:00021008       Classes.THandleStream.SetSize
 0001:00020FF4       Classes.THandleStream.SetSize
 0001:00020FB8       Classes.THandleStream.Write
 0004:000049E8       Classes.ThreadCount
 0004:000049D0       Classes.ThreadLock
 0001:00024C88       Classes.ThreadProc
 0001:0001DAE4       Classes.TIntConst.Create
 0001:0001E8F8       Classes.TInterfacedPersistent.AfterConstruction
 0001:0001E988       Classes.TInterfacedPersistent.QueryInterface
 0001:0001E948       Classes.TInterfacedPersistent._AddRef
 0001:0001E968       Classes.TInterfacedPersistent._Release
 0001:0001DFFC       Classes.TList.Add
 0001:0001E030       Classes.TList.Clear
 0001:0001E048       Classes.TList.Delete
 0001:0001DFDC       Classes.TList.Destroy
 0001:0001E0A8       Classes.TList.Error
 0001:0001E0E0       Classes.TList.Error
 0001:0001E134       Classes.TList.Expand
 0001:0001E14C       Classes.TList.First
 0001:0001E154       Classes.TList.Get
 0001:0001E17C       Classes.TList.Grow
 0001:0001E1B0       Classes.TList.IndexOf
 0001:0001E1D0       Classes.TList.Insert
 0001:0001E23C       Classes.TList.Last
 0001:0001E248       Classes.TList.Move
 0001:0001E3C0       Classes.TList.Notify
 0001:0001E2A0       Classes.TList.Put
 0001:0001E2F0       Classes.TList.Remove
 0001:0001E310       Classes.TList.SetCapacity
 0001:0001E34C       Classes.TList.SetCount
 0001:000212AC       Classes.TMemoryStream.Clear
 0001:00021280       Classes.TMemoryStream.Destroy
 0001:000212C4       Classes.TMemoryStream.LoadFromStream
 0001:00021350       Classes.TMemoryStream.Realloc
 0001:000212FC       Classes.TMemoryStream.SetCapacity
 0001:00021324       Classes.TMemoryStream.SetSize
 0001:000213D0       Classes.TMemoryStream.Write
 0001:0001F190       Classes.TOwnedCollection.Create
 0001:0001F1D4       Classes.TOwnedCollection.GetOwner
 0001:0001E754       Classes.TPersistent.Assign
 0001:0001E768       Classes.TPersistent.AssignError
 0001:0001E838       Classes.TPersistent.AssignTo
 0001:0001E840       Classes.TPersistent.DefineProperties
 0001:0001E728       Classes.TPersistent.Destroy
 0001:0001E844       Classes.TPersistent.GetNamePath
 0001:0001E8F4       Classes.TPersistent.GetOwner
 0001:00021718       Classes.TPropFixup.Create
 0001:00021770       Classes.TPropFixup.MakeGlobalReference
 0001:000217B8       Classes.TPropFixup.ResolveReference
 0001:000217C8       Classes.TPropIntfFixup.ResolveReference
 0001:00021D38       Classes.TReader.CheckValue
 0001:00021D98       Classes.TReader.DefineBinaryProperty
 0001:00021D5C       Classes.TReader.DefineProperty
 0001:00021CFC       Classes.TReader.Destroy
 0001:00022024       Classes.TReader.DoFixupReferences
 0001:00021E80       Classes.TReader.EndOfList
 0001:00021E94       Classes.TReader.Error
 0001:000241B4       Classes.TReader.FindAncestorComponent
 0001:000242AC       Classes.TReader.FindComponentClass
 0001:00021F40       Classes.TReader.FindMethod
 0001:00021EB8       Classes.TReader.FindMethodInstance
 0001:00022168       Classes.TReader.FlushBuffer
 0001:0002218C       Classes.TReader.FreeFixups
 0001:000221C8       Classes.TReader.GetFieldClass
 0001:00022260       Classes.TReader.GetPosition
 0001:00022278       Classes.TReader.NextValue
 0001:00022288       Classes.TReader.PropertyError
 0001:0002229C       Classes.TReader.Read
 0001:00022324       Classes.TReader.ReadBoolean
 0001:000222E8       Classes.TReader.ReadBuffer
 0001:00022338       Classes.TReader.ReadChar
 0001:000223F4       Classes.TReader.ReadCollection
 0001:000228B4       Classes.TReader.ReadComponent
 0001:00022CF4       Classes.TReader.ReadCurrency
 0001:00022AF4       Classes.TReader.ReadData
 0001:00022B64       Classes.TReader.ReadDataInner
 0001:00022D44       Classes.TReader.ReadDate
 0001:00022C6C       Classes.TReader.ReadDouble
 0001:00022C34       Classes.TReader.ReadFloat
 0001:00022D88       Classes.TReader.ReadIdent
 0001:00022EF0       Classes.TReader.ReadInt64
 0001:00022E84       Classes.TReader.ReadInteger
 0001:00022F34       Classes.TReader.ReadListBegin
 0001:00022F3C       Classes.TReader.ReadListEnd
 0001:00022F44       Classes.TReader.ReadPrefix
 0001:000230A0       Classes.TReader.ReadProperty
 0001:0002349C       Classes.TReader.ReadPropValue
 0001:00023814       Classes.TReader.ReadRootComponent
 0001:00023B48       Classes.TReader.ReadSet
 0001:00023C04       Classes.TReader.ReadSignature
 0001:00022CB0       Classes.TReader.ReadSingle
 0001:00023C28       Classes.TReader.ReadStr
 0001:00023C64       Classes.TReader.ReadString
 0001:00023E04       Classes.TReader.ReadValue
 0001:00024530       Classes.TReader.ReadVariant
 0001:00022398       Classes.TReader.ReadWideChar
 0001:00023D20       Classes.TReader.ReadWideString
 0001:0002426C       Classes.TReader.ReferenceName
 0001:00024284       Classes.TReader.SetName
 0001:00024320       Classes.TReader.SkipBytes
 0001:0002410C       Classes.TReader.SkipComponent
 0001:000240C4       Classes.TReader.SkipProperty
 0001:00023E18       Classes.TReader.SkipSetBody
 0001:00023F14       Classes.TReader.SkipValue
 0001:0001CE18       Classes.TRegGroup.AddClass
 0001:0001CE24       Classes.TRegGroup.BestClass
 0001:0001CE84       Classes.TRegGroup.BestGroup
 0001:0001CEF4       Classes.TRegGroup.Create
 0001:0001CF50       Classes.TRegGroup.Destroy
 0001:0001CF90       Classes.TRegGroup.GetClass
 0001:0001CFF8       Classes.TRegGroup.InGroup
 0001:0001D03C       Classes.TRegGroup.RegisterClass
 0001:0001D0FC       Classes.TRegGroup.Registered
 0001:0001D140       Classes.TRegGroup.UnregisterModuleClasses
 0001:0001D1EC       Classes.TRegGroups.Activate
 0001:0001D238       Classes.TRegGroups.Create
 0001:0001D2AC       Classes.TRegGroups.Destroy
 0001:0001D30C       Classes.TRegGroups.FindGroup
 0001:0001D350       Classes.TRegGroups.GetClass
 0001:0001D424       Classes.TRegGroups.GroupWith
 0001:0001D4F0       Classes.TRegGroups.Lock
 0001:0001D4FC       Classes.TRegGroups.RegisterClass
 0001:0001D514       Classes.TRegGroups.Registered
 0001:0001D558       Classes.TRegGroups.StartGroup
 0001:0001D5A8       Classes.TRegGroups.Unlock
 0001:0001D5B4       Classes.TRegGroups.UnregisterModuleClasses
 0001:00021420       Classes.TResourceStream.Create
 0001:00021584       Classes.TResourceStream.Destroy
 0001:00021518       Classes.TResourceStream.Initialize
 0001:000215B4       Classes.TResourceStream.Write
 0001:00020E18       Classes.TStream.CopyFrom
 0001:00020B7C       Classes.TStream.GetPosition
 0001:00020BB0       Classes.TStream.GetSize
 0001:00020DA8       Classes.TStream.ReadBuffer
 0001:00020F0C       Classes.TStream.ReadComponent
 0001:00020CB4       Classes.TStream.Seek
 0001:00020D38       Classes.TStream.Seek
 0001:00020B9C       Classes.TStream.SetPosition
 0001:00020C14       Classes.TStream.SetSize
 0001:00020BFC       Classes.TStream.SetSize
 0001:00020C00       Classes.TStream.SetSize64
 0001:00020DE0       Classes.TStream.WriteBuffer
 0001:00026310       Classes.TStreamAdapter.Clone
 0001:00026264       Classes.TStreamAdapter.Commit
 0001:0002605C       Classes.TStreamAdapter.CopyTo
 0001:00025E20       Classes.TStreamAdapter.Create
 0001:00025E6C       Classes.TStreamAdapter.Destroy
 0001:0002627C       Classes.TStreamAdapter.LockRegion
 0001:00025EA4       Classes.TStreamAdapter.Read
 0001:00026270       Classes.TStreamAdapter.Revert
 0001:00025F74       Classes.TStreamAdapter.Seek
 0001:00025FF8       Classes.TStreamAdapter.SetSize
 0001:00026294       Classes.TStreamAdapter.Stat
 0001:00026288       Classes.TStreamAdapter.UnlockRegion
 0001:00025F0C       Classes.TStreamAdapter.Write
 0001:000204FC       Classes.TStringList.Add
 0001:0002050C       Classes.TStringList.AddObject
 0001:00020570       Classes.TStringList.Changed
 0001:0002058C       Classes.TStringList.Changing
 0001:000205A8       Classes.TStringList.Clear
 0001:00020AF8       Classes.TStringList.CompareStrings
 0001:00020AC0       Classes.TStringList.CustomSort
 0001:000205E8       Classes.TStringList.Delete
 0001:000204A0       Classes.TStringList.Destroy
 0001:00020654       Classes.TStringList.Exchange
 0001:000206B0       Classes.TStringList.ExchangeItems
 0001:000206D4       Classes.TStringList.Find
 0001:00020758       Classes.TStringList.Get
 0001:0002078C       Classes.TStringList.GetCapacity
 0001:00020790       Classes.TStringList.GetCount
 0001:00020794       Classes.TStringList.GetObject
 0001:000207BC       Classes.TStringList.Grow
 0001:000207F0       Classes.TStringList.IndexOf
 0001:0002082C       Classes.TStringList.Insert
 0001:00020890       Classes.TStringList.InsertItem
 0001:0002083C       Classes.TStringList.InsertObject
 0001:0002090C       Classes.TStringList.Put
 0001:00020968       Classes.TStringList.PutObject
 0001:000209A8       Classes.TStringList.QuickSort
 0001:00020A3C       Classes.TStringList.SetCapacity
 0001:00020A58       Classes.TStringList.SetSorted
 0001:00020A78       Classes.TStringList.SetUpdateState
 0001:00020AB0       Classes.TStringList.Sort
 0001:0001F208       Classes.TStrings.Add
 0001:0001F22C       Classes.TStrings.AddObject
 0001:0001F25C       Classes.TStrings.AddStrings
 0001:0001F250       Classes.TStrings.Append
 0001:0001F314       Classes.TStrings.Assign
 0001:0001F3CC       Classes.TStrings.BeginUpdate
 0001:00020428       Classes.TStrings.CompareStrings
 0001:0001F43C       Classes.TStrings.DefineProperties
 0001:0001F1D8       Classes.TStrings.Destroy
 0001:0001F488       Classes.TStrings.EndUpdate
 0001:0001F49C       Classes.TStrings.Equals
 0001:0001F548       Classes.TStrings.Error
 0001:0001F580       Classes.TStrings.Error
 0001:0001F5D8       Classes.TStrings.Exchange
 0001:0001F6C4       Classes.TStrings.GetCapacity
 0001:0001F6CC       Classes.TStrings.GetCommaText
 0001:0001F75C       Classes.TStrings.GetDelimitedText
 0001:0002032C       Classes.TStrings.GetDelimiter
 0001:00020344       Classes.TStrings.GetLineBreak
 0001:0002046C       Classes.TStrings.GetNameValueSeparator
 0001:0001F9D8       Classes.TStrings.GetObject
 0001:00020378       Classes.TStrings.GetQuoteChar
 0001:00020390       Classes.TStrings.GetStrictDelimiter
 0001:0001F9DC       Classes.TStrings.GetText
 0001:0001FA30       Classes.TStrings.GetTextStr
 0001:0001FB68       Classes.TStrings.IndexOf
 0001:0001FBF4       Classes.TStrings.IndexOfName
 0001:0001FCC8       Classes.TStrings.IndexOfObject
 0001:0001FCFC       Classes.TStrings.InsertObject
 0001:0001FD2C       Classes.TStrings.LoadFromFile
 0001:0001FD80       Classes.TStrings.LoadFromStream
 0001:0001FE2C       Classes.TStrings.Move
 0001:0001FEDC       Classes.TStrings.Put
 0001:0001FF0C       Classes.TStrings.PutObject
 0001:0001FF10       Classes.TStrings.ReadData
 0001:0001FFC0       Classes.TStrings.SaveToFile
 0001:00020018       Classes.TStrings.SaveToStream
 0001:00020078       Classes.TStrings.SetCapacity
 0001:000203A8       Classes.TStrings.SetDelimiter
 0001:000203C4       Classes.TStrings.SetLineBreak
 0001:00020484       Classes.TStrings.SetNameValueSeparator
 0001:000203F0       Classes.TStrings.SetQuoteChar
 0001:0002040C       Classes.TStrings.SetStrictDelimiter
 0001:0002007C       Classes.TStrings.SetStringsAdapter
 0001:000200B0       Classes.TStrings.SetText
 0001:00020100       Classes.TStrings.SetTextStr
 0001:000202A4       Classes.TStrings.SetUpdateState
 0001:000202A8       Classes.TStrings.WriteData
 0001:00024E74       Classes.TThread.AfterConstruction
 0001:00024F14       Classes.TThread.CallOnTerminate
 0001:00024E80       Classes.TThread.CheckThreadError
 0001:00024EFC       Classes.TThread.CheckThreadError
 0001:00024D30       Classes.TThread.Create
 0001:00024E00       Classes.TThread.Destroy
 0001:00024F28       Classes.TThread.DoTerminate
 0001:00024F3C       Classes.TThread.RemoveQueuedEvents
 0001:00025230       Classes.TThread.Resume
 0001:000251C0       Classes.TThread.Suspend
 0001:00025198       Classes.TThread.Synchronize
 0001:00024FFC       Classes.TThread.Synchronize
 0001:00025258       Classes.TThread.Terminate
 0001:00025260       Classes.TThread.WaitFor
 0001:0001E494       Classes.TThreadList.Add
 0001:0001E3C4       Classes.TThreadList.Create
 0001:0001E418       Classes.TThreadList.Destroy
 0001:0001E51C       Classes.TThreadList.LockList
 0001:0001E530       Classes.TThreadList.Remove
 0001:0001E580       Classes.TThreadList.UnlockList
 0001:00024750       Classes.TWriter.Write
 0001:000247B4       Classes.TWriter.WriteBoolean
 0001:0002479C       Classes.TWriter.WriteBuffer
 0001:000247C8       Classes.TWriter.WriteInteger
 0001:0002483C       Classes.TWriter.WriteListBegin
 0001:00024844       Classes.TWriter.WriteListEnd
 0001:0002484C       Classes.TWriter.WriteMinStr
 0001:000248F8       Classes.TWriter.WriteString
 0001:00024A04       Classes.TWriter.WriteValue
 0001:0002494C       Classes.TWriter.WriteWideString
 0001:0001DC88       Classes.UnregisterFindGlobalComponentProc
 0001:0001D944       Classes.UnRegisterModuleClasses
 0003:00000D4C       Classes.UtilWindowClass
 0001:00024A70       Classes.WaitForSyncEvent
 0003:00000D30       Classes.WakeMainThread
 0004:00004BE8       Clipbrd..2
 0004:00004BE6       Clipbrd.CF_COMPONENT
 0004:00004BE4       Clipbrd.CF_PICTURE
 0002:000004F8       Clipbrd.Clipbrd
 0004:00004BEC       Clipbrd.FClipboard
 0001:0003F44C       Clipbrd.Finalization
 0004:0000502C       ComCtrls..76
 0001:00096790       ComCtrls..TConversion
 0001:000955F8       ComCtrls..TCustomTabControl
 0001:00095E14       ComCtrls..TPageControl
 0001:000957B4       ComCtrls..TTabSheet
 0001:000968A4       ComCtrls..TTabStrings
 0003:00002104       ComCtrls.AlignStyles
 0002:000008B8       ComCtrls.ComCtrls
 0001:000990B8       ComCtrls.Finalization
 0004:00005034       ComCtrls.FRichEditModule
 0001:00096830       ComCtrls.InitCommonControl
 0003:00002130       ComCtrls.RRStyles
 0003:000020D4       ComCtrls.RTFConversionFormat
 0003:000020EC       ComCtrls.RTL
 0003:000020F4       ComCtrls.RTL
 0003:000020FC       ComCtrls.RTL
 0001:0009685C       ComCtrls.SetComCtlStyle
 0004:00005030       ComCtrls.ShellModule
 0001:000969A4       ComCtrls.TabControlError
 0003:00002124       ComCtrls.TabStyles
 0001:00099090       ComCtrls.TConversion.ConvertReadStream
 0001:000990A4       ComCtrls.TConversion.ConvertWriteStream
 0001:00097C28       ComCtrls.TCustomTabControl.AdjustClientRect
 0001:00097038       ComCtrls.TCustomTabControl.CanChange
 0001:00097064       ComCtrls.TCustomTabControl.CanShowTab
 0001:00097068       ComCtrls.TCustomTabControl.Change
 0001:00097B44       ComCtrls.TCustomTabControl.CMDialogChar
 0001:00097AA4       ComCtrls.TCustomTabControl.CMFontChanged
 0001:00097ACC       ComCtrls.TCustomTabControl.CMSysColorChange
 0001:00097AF4       ComCtrls.TCustomTabControl.CMTabStopChanged
 0001:000978DC       ComCtrls.TCustomTabControl.CNDrawItem
 0001:00097B00       ComCtrls.TCustomTabControl.CNNotify
 0001:00096F24       ComCtrls.TCustomTabControl.Create
 0001:00097088       ComCtrls.TCustomTabControl.CreateParams
 0001:00097190       ComCtrls.TCustomTabControl.CreateWnd
 0001:00096FE4       ComCtrls.TCustomTabControl.Destroy
 0001:00097218       ComCtrls.TCustomTabControl.DrawTab
 0001:00097254       ComCtrls.TCustomTabControl.GetDisplayRect
 0001:00097288       ComCtrls.TCustomTabControl.GetImageIndex
 0001:000972B0       ComCtrls.TCustomTabControl.GetTabIndex
 0001:00097CDC       ComCtrls.TCustomTabControl.GetTabs
 0001:0009739C       ComCtrls.TCustomTabControl.ImageListChange
 0001:000973BC       ComCtrls.TCustomTabControl.InternalSetMultiLine
 0001:000972CC       ComCtrls.TCustomTabControl.Loaded
 0001:000972FC       ComCtrls.TCustomTabControl.Notification
 0001:000972E8       ComCtrls.TCustomTabControl.SetHotTrack
 0001:0009732C       ComCtrls.TCustomTabControl.SetImages
 0001:0009744C       ComCtrls.TCustomTabControl.SetMultiLine
 0001:0009746C       ComCtrls.TCustomTabControl.SetOwnerDraw
 0001:00097480       ComCtrls.TCustomTabControl.SetRaggedRight
 0001:0009749C       ComCtrls.TCustomTabControl.SetScrollOpposite
 0001:000974BC       ComCtrls.TCustomTabControl.SetStyle
 0001:0009754C       ComCtrls.TCustomTabControl.SetTabHeight
 0001:000975F8       ComCtrls.TCustomTabControl.SetTabIndex
 0001:0009761C       ComCtrls.TCustomTabControl.SetTabPosition
 0001:000976B4       ComCtrls.TCustomTabControl.SetTabWidth
 0001:00097778       ComCtrls.TCustomTabControl.TabsChanged
 0001:00097C58       ComCtrls.TCustomTabControl.TCMAdjustRect
 0001:000977E0       ComCtrls.TCustomTabControl.UpdateTabImages
 0001:000977B8       ComCtrls.TCustomTabControl.UpdateTabSize
 0001:000979D0       ComCtrls.TCustomTabControl.WMDestroy
 0001:00097A60       ComCtrls.TCustomTabControl.WMNotifyFormat
 0001:00097A84       ComCtrls.TCustomTabControl.WMSize
 0003:000020E0       ComCtrls.TextConversionFormat
 0001:000983FC       ComCtrls.TPageControl.CanShowTab
 0001:00098420       ComCtrls.TPageControl.Change
 0001:00098468       ComCtrls.TPageControl.ChangeActivePage
 0001:00098B28       ComCtrls.TPageControl.CMDesignHitTest
 0001:00098B94       ComCtrls.TPageControl.CMDialogKey
 0001:00098C00       ComCtrls.TPageControl.CMDockClient
 0001:00098D9C       ComCtrls.TPageControl.CMDockNotification
 0001:00098E74       ComCtrls.TPageControl.CMUnDockClient
 0001:000982F4       ComCtrls.TPageControl.Create
 0001:00098570       ComCtrls.TPageControl.DeleteTab
 0001:00098348       ComCtrls.TPageControl.Destroy
 0001:000985CC       ComCtrls.TPageControl.DoAddDockClient
 0001:000985E8       ComCtrls.TPageControl.DockOver
 0001:0009863C       ComCtrls.TPageControl.DoRemoveDockClient
 0001:00098670       ComCtrls.TPageControl.FindNextPage
 0001:000986F8       ComCtrls.TPageControl.GetChildren
 0001:00098EA0       ComCtrls.TPageControl.GetDockClientFromMousePos
 0001:00098738       ComCtrls.TPageControl.GetImageIndex
 0001:00098804       ComCtrls.TPageControl.GetPage
 0001:0009881C       ComCtrls.TPageControl.GetPageCount
 0001:000987B4       ComCtrls.TPageControl.GetPageFromDockClient
 0001:00098828       ComCtrls.TPageControl.GetSiteInfo
 0001:0009886C       ComCtrls.TPageControl.InsertPage
 0001:00098890       ComCtrls.TPageControl.InsertTab
 0001:000983E8       ComCtrls.TPageControl.Loaded
 0001:000988FC       ComCtrls.TPageControl.MoveTab
 0001:00099060       ComCtrls.TPageControl.PageIndexFromTabIndex
 0001:0009891C       ComCtrls.TPageControl.RemovePage
 0001:0009896C       ComCtrls.TPageControl.SelectNextPage
 0001:000989B8       ComCtrls.TPageControl.SetActivePage
 0001:00098A4C       ComCtrls.TPageControl.SetChildOrder
 0001:00098FD0       ComCtrls.TPageControl.SetTabIndex
 0001:00098A58       ComCtrls.TPageControl.ShowControl
 0001:00098AEC       ComCtrls.TPageControl.UpdateActivePage
 0001:00098A8C       ComCtrls.TPageControl.UpdateTab
 0001:000983A8       ComCtrls.TPageControl.UpdateTabHighlights
 0001:00099028       ComCtrls.TPageControl.WMEraseBkGnd
 0001:00098F84       ComCtrls.TPageControl.WMLButtonDblClk
 0001:00098F30       ComCtrls.TPageControl.WMLButtonDown
 0001:00098050       ComCtrls.TTabSheet.CMShowingChanged
 0001:00098038       ComCtrls.TTabSheet.CMTextChanged
 0001:00097CF0       ComCtrls.TTabSheet.Create
 0001:00097E50       ComCtrls.TTabSheet.CreateParams
 0001:00097D58       ComCtrls.TTabSheet.Destroy
 0001:00097DA4       ComCtrls.TTabSheet.DoHide
 0001:00097DC4       ComCtrls.TTabSheet.DoShow
 0001:00097DE4       ComCtrls.TTabSheet.GetPageIndex
 0001:00097E00       ComCtrls.TTabSheet.GetTabIndex
 0001:00097E6C       ComCtrls.TTabSheet.ReadState
 0001:000980F8       ComCtrls.TTabSheet.SetHighlighted
 0001:00097EA0       ComCtrls.TTabSheet.SetImageIndex
 0001:00097EC8       ComCtrls.TTabSheet.SetPageControl
 0001:00097EFC       ComCtrls.TTabSheet.SetPageIndex
 0001:00097F90       ComCtrls.TTabSheet.SetTabShowing
 0001:00097FD4       ComCtrls.TTabSheet.SetTabVisible
 0001:00097FE8       ComCtrls.TTabSheet.UpdateControlOriginalParentSize
 0001:00098018       ComCtrls.TTabSheet.UpdateTabShowing
 0001:00098194       ComCtrls.TTabSheet.WMNCPaint
 0001:000982AC       ComCtrls.TTabSheet.WMPrintClient
 0001:000969BC       ComCtrls.TTabStrings.Clear
 0001:00096A2C       ComCtrls.TTabStrings.Delete
 0001:00096AC8       ComCtrls.TTabStrings.Get
 0001:00096BC0       ComCtrls.TTabStrings.GetCount
 0001:00096BDC       ComCtrls.TTabStrings.GetObject
 0001:00096DFC       ComCtrls.TTabStrings.Insert
 0001:00096C7C       ComCtrls.TTabStrings.Put
 0001:00096D5C       ComCtrls.TTabStrings.PutObject
 0001:00096EDC       ComCtrls.TTabStrings.SetUpdateState
 0004:00004A30       CommCtrl.ComCtl32DLL
 0001:00028264       CommCtrl.ImageList_Add
 0001:00028294       CommCtrl.ImageList_BeginDrag
 0001:00028244       CommCtrl.ImageList_Create
 0001:0002824C       CommCtrl.ImageList_Destroy
 0001:000282A4       CommCtrl.ImageList_DragEnter
 0001:000282AC       CommCtrl.ImageList_DragLeave
 0001:000282B4       CommCtrl.ImageList_DragMove
 0001:000282BC       CommCtrl.ImageList_DragShowNolock
 0001:0002827C       CommCtrl.ImageList_Draw
 0001:00028284       CommCtrl.ImageList_DrawEx
 0001:0002829C       CommCtrl.ImageList_EndDrag
 0001:00028274       CommCtrl.ImageList_GetBkColor
 0001:000282D4       CommCtrl.ImageList_GetIconSize
 0001:00028254       CommCtrl.ImageList_GetImageCount
 0001:000282C4       CommCtrl.ImageList_Read
 0001:0002828C       CommCtrl.ImageList_Remove
 0001:0002826C       CommCtrl.ImageList_SetBkColor
 0001:000282DC       CommCtrl.ImageList_SetIconSize
 0001:0002825C       CommCtrl.ImageList_SetImageCount
 0001:000282CC       CommCtrl.ImageList_Write
 0001:000281B0       CommCtrl.InitComCtl
 0001:000281A8       CommCtrl.InitCommonControls
 0001:00028210       CommCtrl.InitCommonControlsEx
 0001:000282EC       CommCtrl.TaskDialogIndirect
 0004:00004A34       CommCtrl._InitCommonControlsEx
 0004:00004A38       CommCtrl._TaskDialogIndirect
 0001:000282E4       CommCtrl._TrackMouseEvent
 0004:00004FF4       ComObj..41
 0001:0007AE40       ComObj..EOleError
 0001:0007AEF4       ComObj..EOleException
 0001:0007AE98       ComObj..EOleSysError
 0001:0007B97C       ComObj.ClearExcepInfo
 0003:00001D1C       ComObj.CoAddRefServerProcess
 0003:00001D14       ComObj.CoCreateInstanceEx
 0003:00001D2C       ComObj.CoInitFlags
 0003:00001D18       ComObj.CoInitializeEx
 0004:00004FFC       ComObj.ComClassManagerVar
 0002:000007A8       ComObj.ComObj
 0003:00001D20       ComObj.CoReleaseServerProcess
 0003:00001D24       ComObj.CoResumeClassObjects
 0003:00001D28       ComObj.CoSuspendClassObjects
 0001:0007B398       ComObj.DispatchInvoke
 0001:0007B970       ComObj.DispatchInvokeError
 0001:0007B98C       ComObj.DispCall
 0001:0007BA70       ComObj.DispCallByID
 0001:0007B89C       ComObj.DispCallError
 0001:0007B0D0       ComObj.EOleException.Create
 0001:0007AFFC       ComObj.EOleSysError.Create
 0001:0007BBC8       ComObj.Finalization
 0001:0007B708       ComObj.GetIDsOfNames
 0001:0007BB4C       ComObj.InitComObj
 0001:0007B194       ComObj.LoadComExProcs
 0004:00005004       ComObj.NeedToUninitialize
 0001:0007B184       ComObj.OleCheck
 0001:0007B168       ComObj.OleError
 0004:00004FF8       ComObj.OleUninitializing
 0001:0007B7E8       ComObj.RaiseException
 0001:0007B6D4       ComObj.RaiseNameException
 0001:0007B298       ComObj.SafeCallError
 0004:00005000       ComObj.SaveInitProc
 0003:00001D30       ComObj.ThreadStrs
 0001:0007AFAC       ComObj.TrimPunctuation
 0001:0007B800       ComObj.VarDispInvoke
 0001:0002663C       Contnrs..TOrderedList
 0001:000266A4       Contnrs..TStack
 0001:0002671C       Contnrs.TOrderedList.Create
 0001:00026760       Contnrs.TOrderedList.Destroy
 0001:00026790       Contnrs.TOrderedList.PeekItem
 0001:00026704       Contnrs.TOrderedList.Pop
 0001:000267A4       Contnrs.TOrderedList.PopItem
 0001:0002670C       Contnrs.TOrderedList.Push
 0001:000267C4       Contnrs.TStack.PushItem
 0004:00004C44       Controls..33
 0001:000474E0       Controls..TBaseDragControlObject
 0001:0004886C       Controls..TControl
 0001:000479B0       Controls..TControlActionLink
 0001:00047828       Controls..TControlCanvas
 0001:00049634       Controls..TCustomControl
 0001:000478C8       Controls..TCustomControlAction
 0001:00049B74       Controls..TCustomListControl
 0001:00049D04       Controls..TCustomMultiSelectListControl
 0001:00049A7C       Controls..TDockTree
 0001:00049930       Controls..TDockZone
 0001:000475A4       Controls..TDragControlObject
 0001:00047630       Controls..TDragControlObjectEx
 0001:000476C0       Controls..TDragDockObject
 0001:00047788       Controls..TDragDockObjectEx
 0001:0004743C       Controls..TDragObject
 0001:00049510       Controls..TGraphicControl
 0001:000497A0       Controls..THintWindow
 0001:00047E00       Controls..TMargins
 0001:00049B20       Controls..TMouse
 0001:00047F18       Controls..TPadding
 0001:0004A3C0       Controls..TSiteList
 0001:00047CB4       Controls..TSizeConstraints
 0001:00049100       Controls..TWinControl
 0001:00048CDC       Controls..TWinControlActionLink
 0001:0004AA30       Controls.AbsMin
 0004:00004C78       Controls.ActiveDrag
 0001:00050EFC       Controls.AlignWork
 0003:000017F4       Controls.AnchorAlign
 0003:000017E8       Controls.AnimateWindowProc
 0003:000018F4       Controls.AnimationStyle
 0001:0004D9A8       Controls.BackgroundClipped
 0001:0005A61C       Controls.CalcSplitterPos
 0001:0004BAD4       Controls.CancelDrag
 0004:00004C8C       Controls.CanvasList
 0003:000018AC       Controls.CaptureControl
 0001:00049EB0       Controls.ChangeBiDiModeAlignment
 0001:0004B73C       Controls.CheckUndock
 0001:000574A4       Controls.ClientToWindow
 0004:00004C4A       Controls.ControlAtom
 0004:00004C50       Controls.ControlAtomString
 0002:000005E8       Controls.Controls
 0003:000017EC       Controls.CreationControl
 0003:000018B0       Controls.csPerformingShowingChanged
 0003:000018EC       Controls.Ctl3DStyles
 0003:000017FC       Controls.Cursors
 0001:0004A258       Controls.CursorToIdent
 0003:000017F0       Controls.DefaultDockTreeClass
 0001:00051E88       Controls.DestroyChildWindow
 0001:00050D70       Controls.DoAlign
 0001:00055D30       Controls.DoCalcConstraints
 0004:00004C80       Controls.DockSiteList
 0001:00052D58       Controls.DoControlMsg
 0001:0004B044       Controls.DoDragOver
 0001:00058124       Controls.DoFindControlZone
 0001:0005884C       Controls.DoFindZone
 0001:000581A8       Controls.DoForEach
 0001:00059DF0       Controls.DoGetNextLimit
 0001:0005AE28       Controls.DoneControls
 0001:00050D28       Controls.DoPosition
 0001:00059300       Controls.DoPrune
 0001:00059814       Controls.DoSaveZone
 0001:00059AD8       Controls.DoSetNewBounds
 0001:00051B34       Controls.DoWriteDesignSize
 0001:0004ED28       Controls.DoWriteExplicit
 0001:0004ECF4       Controls.DoWriteIsControl
 0004:00004C64       Controls.DragCapture
 0004:00004C58       Controls.DragControl
 0001:0004B7B0       Controls.DragDone
 0001:0004AFF4       Controls.DragFindTarget
 0001:0004AFC8       Controls.DragFindWindow
 0004:00004C7C       Controls.DragImageList
 0001:0004B408       Controls.DragInit
 0001:0004B578       Controls.DragInitControl
 0004:00004C60       Controls.DragInternalObject
 0001:0004AF10       Controls.DragMessage
 0004:00004C5C       Controls.DragObject
 0004:00004C88       Controls.DragSave
 0004:00004C70       Controls.DragSaveCursor
 0004:00004C68       Controls.DragStartPos
 0004:00004C74       Controls.DragThreshold
 0001:0004B120       Controls.DragTo
 0001:00058D84       Controls.DrawCloseButton
 0001:00058E18       Controls.DrawGrabberLine
 0001:00058EA0       Controls.DrawThemedGrabber
 0001:00053204       Controls.DrawThemeEdge
 0003:000018DC       Controls.EdgeStyles
 0001:0005B464       Controls.Finalization
 0001:0004A008       Controls.FindControl
 0001:0004BB20       Controls.FindDragTarget
 0001:0004BAEC       Controls.FindVCLWindow
 0001:0004BBE4       Controls.FreeDeviceContext
 0001:0004BCA0       Controls.FreeDeviceContexts
 0001:0004A354       Controls.GetCaptureControl
 0001:00050B98       Controls.GetClientSize
 0001:000523A4       Controls.GetControlAtPos
 0001:00059ED0       Controls.GetDockAlign
 0001:0004AD60       Controls.GetDockSiteAtPos
 0001:0004B080       Controls.GetDropCtl
 0001:00057E54       Controls.GetLastChildZone
 0001:0004A2BC       Controls.GetLongHint
 0001:0004A278       Controls.GetShortHint
 0001:0004A460       Controls.GetTopParent
 0001:00059F4C       Controls.HideZone
 0001:0004A268       Controls.IdentToCursor
 0003:0000191C       Controls.IMM32DLL
 0001:0005AE14       Controls.Imm32IsIME
 0001:0005AEB0       Controls.InitControls
 0001:0005AAB8       Controls.InitIMM32
 0001:00049EC4       Controls.InitWndProc
 0003:000018BC       Controls.InnerStyles
 0001:00050BF8       Controls.InsertBefore
 0001:0004AB14       Controls.IsBeforeTargetWindow
 0001:0004AF68       Controls.IsDelphiHandle
 0001:00057888       Controls.IsOrientationSet
 0001:0004AD1C       Controls.IsSiteChildOfClient
 0001:0004A064       Controls.IsVCLControl
 0004:00004C38       Controls.IsVCLControlHook
 0001:0004BB6C       Controls.ListAdd
 0001:0004BB94       Controls.ListRemove
 0003:00001908       Controls.MakeLast
 0001:0004FE30       Controls.MinVar
 0003:00001920       Controls.ModeMap
 0004:00004C34       Controls.Mouse
 0001:0004BBB4       Controls.MoveWindowOrg
 0004:00004C40       Controls.NewStyleControls
 0001:0005786C       Controls.NextVisibleZone
 0001:00049FD4       Controls.ObjectFromHWnd
 0003:00001900       Controls.OrientArray
 0003:000018CC       Controls.OuterStyles
 0001:00057C7C       Controls.ParentNotLast
 0001:0004A300       Controls.PerformEraseBackground
 0001:00051B20       Controls.PointsEqual
 0004:00004C84       Controls.QualifyingSites
 0001:000589E8       Controls.ReadControlName
 0001:0004AEB4       Controls.RegisterDockSite
 0004:00004C54       Controls.RM_GetObjectInstance
 0001:0004A094       Controls.SendAppMessage
 0001:0004A37C       Controls.SetCaptureControl
 0001:0005AD3C       Controls.SetImeMode
 0001:0004F7B0       Controls.SetParentColor
 0003:000018B4       Controls.ShowFlags
 0001:00059FCC       Controls.ShowZone
 0003:00001914       Controls.SizeCursors
 0001:0004A830       Controls.TBaseDragControlObject.Assign
 0001:0004A80C       Controls.TBaseDragControlObject.Create
 0001:0004A85C       Controls.TBaseDragControlObject.EndDrag
 0001:0004A880       Controls.TBaseDragControlObject.Finished
 0001:0004FB60       Controls.TControl.ActionChange
 0001:0004FF50       Controls.TControl.AdjustSize
 0001:0004FD84       Controls.TControl.AssignTo
 0001:0004DD08       Controls.TControl.BeginAutoDrag
 0001:0004DD24       Controls.TControl.BeginDrag
 0001:0004D840       Controls.TControl.BringToFront
 0001:0004E76C       Controls.TControl.CalcCursorPos
 0001:0004E8D4       Controls.TControl.CalcDockSizes
 0001:0004E66C       Controls.TControl.CanAutoSize
 0001:0004E670       Controls.TControl.CanResize
 0001:0004D1B0       Controls.TControl.Changed
 0001:0004D1C0       Controls.TControl.ChangeScale
 0001:0004F2E4       Controls.TControl.CheckNewSize
 0001:0004F0D8       Controls.TControl.Click
 0001:00050190       Controls.TControl.ClientToParent
 0001:0004D038       Controls.TControl.ClientToScreen
 0001:0004F8B8       Controls.TControl.CMBiDiModeChanged
 0001:0004F7A0       Controls.TControl.CMColorChanged
 0001:0004F9E8       Controls.TControl.CMDesignHitTest
 0001:0004F780       Controls.TControl.CMEnabledChanged
 0001:0004FB00       Controls.TControl.CMFloat
 0001:0004F790       Controls.TControl.CMFontChanged
 0001:0004FFDC       Controls.TControl.CMHintShow
 0001:0004F968       Controls.TControl.CMHitTest
 0001:000502A0       Controls.TControl.CMMouseActivate
 0001:0004F970       Controls.TControl.CMMouseEnter
 0001:0004F9AC       Controls.TControl.CMMouseLeave
 0001:0004F848       Controls.TControl.CMMouseWheel
 0001:0004F824       Controls.TControl.CMParentBiDiModeChanged
 0001:0004F7E8       Controls.TControl.CMParentColorChanged
 0001:0004F914       Controls.TControl.CMParentFontChanged
 0001:0004F8D8       Controls.TControl.CMParentShowHintChanged
 0001:0004F944       Controls.TControl.CMSysFontChanged
 0001:0004F758       Controls.TControl.CMVisibleChanged
 0001:0004E73C       Controls.TControl.ConstrainedResize
 0001:0004C410       Controls.TControl.Create
 0001:0004F9F0       Controls.TControl.CreateFloatingDockSite
 0001:0004F144       Controls.TControl.DblClick
 0001:0004E1AC       Controls.TControl.DefaultDockImage
 0001:0004EC4C       Controls.TControl.DefaultHandler
 0001:0004EF48       Controls.TControl.DefineProperties
 0001:0004E798       Controls.TControl.DesignWndProc
 0001:0004C508       Controls.TControl.Destroy
 0001:0004FC60       Controls.TControl.DoActionChange
 0001:0004E6A0       Controls.TControl.DoCanAutoSize
 0001:0004E70C       Controls.TControl.DoCanResize
 0001:0004CD08       Controls.TControl.Dock
 0001:0004DFA8       Controls.TControl.DockTrackNoTarget
 0001:0004E7CC       Controls.TControl.DoConstrainedResize
 0001:0004E65C       Controls.TControl.DoConstraintsChange
 0001:00050150       Controls.TControl.DoContextPopup
 0001:0004CE38       Controls.TControl.DoDock
 0001:0004E2F8       Controls.TControl.DoDragMsg
 0001:0004DFC0       Controls.TControl.DoEndDock
 0001:0004DEA8       Controls.TControl.DoEndDrag
 0001:000502C4       Controls.TControl.DoMarginChange
 0001:0004E00C       Controls.TControl.DoMouseActivate
 0001:0004F19C       Controls.TControl.DoMouseDown
 0001:0004F514       Controls.TControl.DoMouseUp
 0001:0004E040       Controls.TControl.DoMouseWheel
 0001:0004E114       Controls.TControl.DoMouseWheelDown
 0001:0004E160       Controls.TControl.DoMouseWheelUp
 0001:0004DFEC       Controls.TControl.DoStartDock
 0001:0004DE88       Controls.TControl.DoStartDrag
 0001:0004DE10       Controls.TControl.DragCanceled
 0001:0004DE5C       Controls.TControl.DragDrop
 0001:0004DE14       Controls.TControl.Dragging
 0001:0004DE20       Controls.TControl.DragOver
 0001:0004E2D8       Controls.TControl.DrawDragDockImage
 0001:0004FF70       Controls.TControl.DrawTextBiDiModeFlags
 0001:0004FFB0       Controls.TControl.DrawTextBiDiModeFlagsReadingOnly
 0001:0004E2E8       Controls.TControl.EraseDragDockImage
 0001:0004D660       Controls.TControl.FontChanged
 0001:0004C690       Controls.TControl.GetAction
 0001:0004FC84       Controls.TControl.GetActionLinkClass
 0001:000502D8       Controls.TControl.GetAlignWithMargins
 0001:0004CEC8       Controls.TControl.GetBoundsRect
 0001:0004CF68       Controls.TControl.GetClientHeight
 0001:0004CFA8       Controls.TControl.GetClientOrigin
 0001:0004CF0C       Controls.TControl.GetClientRect
 0001:0004CF24       Controls.TControl.GetClientWidth
 0001:0004DCB8       Controls.TControl.GetControlsAlignment
 0001:0004D900       Controls.TControl.GetDeviceContext
 0001:0004FE6C       Controls.TControl.GetDockEdge
 0001:0004C5D0       Controls.TControl.GetDragImages
 0001:0004C5D4       Controls.TControl.GetEnabled
 0001:0004FF1C       Controls.TControl.GetFloating
 0001:0004FF48       Controls.TControl.GetFloatingDockSiteClass
 0001:0004D808       Controls.TControl.GetMouseCapture
 0001:0004C5DC       Controls.TControl.GetPalette
 0001:0004C5E8       Controls.TControl.GetParentComponent
 0001:0004F2DC       Controls.TControl.GetPopupMenu
 0001:0004D5B0       Controls.TControl.GetText
 0001:0004D530       Controls.TControl.GetTextBuf
 0001:0004D520       Controls.TControl.GetTextLen
 0001:0004D53C       Controls.TControl.GetUndockHeight
 0001:0004D550       Controls.TControl.GetUndockWidth
 0001:0004C5E0       Controls.TControl.HasParent
 0001:0004FFCC       Controls.TControl.InitiateAction
 0001:0004DAC0       Controls.TControl.Invalidate
 0001:0004DA34       Controls.TControl.InvalidateControl
 0001:0004C7BC       Controls.TControl.IsAnchorsStored
 0001:0004D6D4       Controls.TControl.IsBiDiModeStored
 0001:0004FC8C       Controls.TControl.IsCaptionStored
 0001:0004D79C       Controls.TControl.IsColorStored
 0001:0004FCAC       Controls.TControl.IsEnabledStored
 0001:0004D6B4       Controls.TControl.IsFontStored
 0001:0004FCEC       Controls.TControl.IsHelpContextStored
 0001:0004FCCC       Controls.TControl.IsHintStored
 0001:0004FD2C       Controls.TControl.IsOnClickStored
 0001:0004D6C8       Controls.TControl.IsShowHintStored
 0001:0004FD0C       Controls.TControl.IsVisibleStored
 0001:0004FD4C       Controls.TControl.Loaded
 0001:0004E3E8       Controls.TControl.ManualDock
 0001:0004E5C8       Controls.TControl.ManualFloat
 0001:0004DAD4       Controls.TControl.MouseActivate
 0001:0004F164       Controls.TControl.MouseDown
 0001:0004F430       Controls.TControl.MouseMove
 0001:0004F4DC       Controls.TControl.MouseUp
 0001:0004DB1C       Controls.TControl.MouseWheelHandler
 0001:0004C8D4       Controls.TControl.Notification
 0001:0004C614       Controls.TControl.PaletteChanged
 0001:0004E8A0       Controls.TControl.Perform
 0001:0004DED4       Controls.TControl.PositionDockRect
 0001:000503B4       Controls.TControl.ReadExplicitHeight
 0001:000503CC       Controls.TControl.ReadExplicitLeft
 0001:0005039C       Controls.TControl.ReadExplicitTop
 0001:00050374       Controls.TControl.ReadExplicitWidth
 0001:0004ECD4       Controls.TControl.ReadIsControl
 0001:0004C840       Controls.TControl.ReadState
 0001:0004DBB0       Controls.TControl.Refresh
 0001:0004DBBC       Controls.TControl.Repaint
 0001:0004C810       Controls.TControl.RequestAlign
 0001:0004C820       Controls.TControl.Resize
 0001:0004D064       Controls.TControl.ScaleConstraints
 0001:0004D0E8       Controls.TControl.ScreenToClient
 0001:0004D114       Controls.TControl.SendCancelMode
 0001:0004D144       Controls.TControl.SendDockNotification
 0001:0004C740       Controls.TControl.SetAction
 0001:0004C92C       Controls.TControl.SetAlign
 0001:000502E0       Controls.TControl.SetAlignWithMargins
 0001:0004C6A0       Controls.TControl.SetAnchors
 0001:0004D37C       Controls.TControl.SetAutoSize
 0001:0004D644       Controls.TControl.SetBiDiMode
 0001:0004CA14       Controls.TControl.SetBounds
 0001:0004CEE8       Controls.TControl.SetBoundsRect
 0001:0004CF80       Controls.TControl.SetClientHeight
 0001:0004D43C       Controls.TControl.SetClientSize
 0001:0004CF3C       Controls.TControl.SetClientWidth
 0001:0004D750       Controls.TControl.SetColor
 0001:00050184       Controls.TControl.SetConstraints
 0001:0004D7EC       Controls.TControl.SetCursor
 0001:0004C7D4       Controls.TControl.SetDesignVisible
 0001:0004C80C       Controls.TControl.SetDragMode
 0001:0004D508       Controls.TControl.SetEnabled
 0001:0004D6A4       Controls.TControl.SetFont
 0001:0004CCD4       Controls.TControl.SetHeight
 0001:0004CE90       Controls.TControl.SetHelpContext
 0001:0004CEA4       Controls.TControl.SetHelpKeyword
 0001:0004CC38       Controls.TControl.SetLeft
 0001:000502CC       Controls.TControl.SetMargins
 0001:0004D818       Controls.TControl.SetMouseCapture
 0001:0004D398       Controls.TControl.SetName
 0001:0004D484       Controls.TControl.SetParent
 0001:0004D7C8       Controls.TControl.SetParentBiDiMode
 0001:0004D7A4       Controls.TControl.SetParentColor
 0001:0004C5EC       Controls.TControl.SetParentComponent
 0001:0004D6DC       Controls.TControl.SetParentFont
 0001:0004D724       Controls.TControl.SetParentShowHint
 0001:0004D564       Controls.TControl.SetPopupMenu
 0001:0004D700       Controls.TControl.SetShowHint
 0001:0004D5E0       Controls.TControl.SetText
 0001:0004D58C       Controls.TControl.SetTextBuf
 0001:0004CC6C       Controls.TControl.SetTop
 0001:0004D4D0       Controls.TControl.SetVisible
 0001:0004CCA0       Controls.TControl.SetWidth
 0001:0004D8DC       Controls.TControl.SetZOrder
 0001:0004D854       Controls.TControl.SetZOrderPosition
 0001:0004DB9C       Controls.TControl.Update
 0001:0004CAB4       Controls.TControl.UpdateAnchorRules
 0001:0004E948       Controls.TControl.UpdateBoundsRect
 0001:00050310       Controls.TControl.UpdateExplicitBounds
 0001:0004DCD4       Controls.TControl.UseRightToLeftAlignment
 0001:0004DCBC       Controls.TControl.UseRightToLeftReading
 0001:0004DCEC       Controls.TControl.UseRightToLeftScrollBar
 0001:0004E978       Controls.TControl.VisibleChanging
 0001:0004F668       Controls.TControl.WMCancelMode
 0001:0005000C       Controls.TControl.WMContextMenu
 0001:0004F288       Controls.TControl.WMLButtonDblClk
 0001:0004F220       Controls.TControl.WMLButtonDown
 0001:0004F54C       Controls.TControl.WMLButtonUp
 0001:0004F404       Controls.TControl.WMMButtonDblClk
 0001:0004F3D8       Controls.TControl.WMMButtonDown
 0001:0004F5F0       Controls.TControl.WMMButtonUp
 0001:0004F464       Controls.TControl.WMMouseMove
 0001:0004F610       Controls.TControl.WMMouseWheel
 0001:0004F26C       Controls.TControl.WMNCLButtonDown
 0001:0004F3AC       Controls.TControl.WMRButtonDblClk
 0001:0004F380       Controls.TControl.WMRButtonDown
 0001:0004F5D0       Controls.TControl.WMRButtonUp
 0001:0004F6A8       Controls.TControl.WMWindowPosChanged
 0001:0004E97C       Controls.TControl.WndProc
 0001:00050354       Controls.TControl.WriteExplicitHeight
 0001:00050364       Controls.TControl.WriteExplicitLeft
 0001:00050344       Controls.TControl.WriteExplicitTop
 0001:0005038C       Controls.TControl.WriteExplicitWidth
 0001:0004ECE8       Controls.TControl.WriteIsControl
 0001:0004BFBC       Controls.TControlActionLink.AssignClient
 0001:0004BFD8       Controls.TControlActionLink.DoShowHint
 0001:0004C0C8       Controls.TControlActionLink.IsCaptionLinked
 0001:0004C13C       Controls.TControlActionLink.IsDropdownMenuLinked
 0001:0004C150       Controls.TControlActionLink.IsEnabledLinked
 0001:0004C184       Controls.TControlActionLink.IsEnableDropdownLinked
 0001:0004C324       Controls.TControlActionLink.IsHelpLinked
 0001:0004C198       Controls.TControlActionLink.IsHintLinked
 0001:0004C244       Controls.TControlActionLink.IsOnExecuteLinked
 0001:0004C1D0       Controls.TControlActionLink.IsPopupMenuLinked
 0001:0004C210       Controls.TControlActionLink.IsVisibleLinked
 0001:0004C26C       Controls.TControlActionLink.SetCaption
 0001:0004C28C       Controls.TControlActionLink.SetDropdownMenu
 0001:0004C290       Controls.TControlActionLink.SetEnabled
 0001:0004C2B0       Controls.TControlActionLink.SetEnableDropdown
 0001:0004C3AC       Controls.TControlActionLink.SetHelpContext
 0001:0004C38C       Controls.TControlActionLink.SetHelpKeyword
 0001:0004C3CC       Controls.TControlActionLink.SetHelpType
 0001:0004C2B4       Controls.TControlActionLink.SetHint
 0001:0004C2F8       Controls.TControlActionLink.SetOnExecute
 0001:0004C3EC       Controls.TControlActionLink.SetPopupMenu
 0001:0004C2D8       Controls.TControlActionLink.SetVisible
 0001:0004BD78       Controls.TControlCanvas.CreateHandle
 0001:0004BD4C       Controls.TControlCanvas.Destroy
 0001:0004BE20       Controls.TControlCanvas.FreeHandle
 0001:0004BE54       Controls.TControlCanvas.SetControl
 0001:0004BE6C       Controls.TControlCanvas.UpdateTextFlags
 0001:00057710       Controls.TCustomControl.Create
 0001:0005776C       Controls.TCustomControl.Destroy
 0001:00057868       Controls.TCustomControl.Paint
 0001:000577BC       Controls.TCustomControl.PaintWindow
 0001:0005779C       Controls.TCustomControl.WMPaint
 0001:0005B07C       Controls.TCustomListControl.MoveSelection
 0001:0005A424       Controls.TDockTree.ActualSize
 0001:000580F4       Controls.TDockTree.AdjustDockRect
 0001:0005A4B8       Controls.TDockTree.AdjustFrameRect
 0001:0005810C       Controls.TDockTree.BeginUpdate
 0001:0005A104       Controls.TDockTree.ControlVisibilityChanged
 0001:00057F38       Controls.TDockTree.Create
 0001:000580A0       Controls.TDockTree.Destroy
 0001:00059D04       Controls.TDockTree.DrawSizeSplitter
 0001:00058110       Controls.TDockTree.EndUpdate
 0001:000587C0       Controls.TDockTree.FindControlAtPos
 0001:0005817C       Controls.TDockTree.FindControlZone
 0001:000581E4       Controls.TDockTree.ForEachAt
 0001:000581FC       Controls.TDockTree.GetControlBounds
 0001:00059E80       Controls.TDockTree.GetNextLimit
 0001:00058270       Controls.TDockTree.HitTest
 0001:00058280       Controls.TDockTree.InsertControl
 0001:0005849C       Controls.TDockTree.InsertNewParent
 0001:00058644       Controls.TDockTree.InsertSibling
 0001:00058960       Controls.TDockTree.InternalHitTest
 0001:00058A30       Controls.TDockTree.LoadFromStream
 0001:0005A4F8       Controls.TDockTree.MouseDown
 0001:0005A6AC       Controls.TDockTree.MouseMove
 0001:0005A6FC       Controls.TDockTree.MouseUp
 0001:00058EFC       Controls.TDockTree.PaintDockFrame
 0001:00059050       Controls.TDockTree.PaintSite
 0001:00059184       Controls.TDockTree.PositionDockRect
 0001:00059334       Controls.TDockTree.PruneZone
 0001:0005A48C       Controls.TDockTree.ReferenceFromOrient
 0001:0005A454       Controls.TDockTree.RelativeSize
 0001:00059390       Controls.TDockTree.RemoveControl
 0001:000593D0       Controls.TDockTree.RemoveZone
 0001:00059670       Controls.TDockTree.ResetBounds
 0001:00059924       Controls.TDockTree.SaveToStream
 0001:00059758       Controls.TDockTree.ScaleZone
 0001:00059B60       Controls.TDockTree.SetNewBounds
 0001:00059B90       Controls.TDockTree.SetReplacingControl
 0001:00059BA8       Controls.TDockTree.ShiftZone
 0001:0005A770       Controls.TDockTree.ShowHint
 0001:00059BDC       Controls.TDockTree.SplitterMouseDown
 0001:00059C3C       Controls.TDockTree.SplitterMouseUp
 0001:00059CB8       Controls.TDockTree.UpdateAll
 0001:00059CE0       Controls.TDockTree.UpdateZone
 0001:00059CF0       Controls.TDockTree.WindowProc
 0001:0005A18C       Controls.TDockTree.WndProc
 0001:000586BC       Controls.TDockTree.ZoneCaptionHitTest
 0001:000578AC       Controls.TDockZone.Create
 0001:00057E64       Controls.TDockZone.ExpandZoneLimit
 0001:00057F2C       Controls.TDockZone.FirstVisibleChild
 0001:000578D0       Controls.TDockZone.GetChildCount
 0001:00057BB4       Controls.TDockZone.GetControlName
 0001:00057A54       Controls.TDockZone.GetHeightWidth
 0001:00057940       Controls.TDockZone.GetLimitBegin
 0001:00057988       Controls.TDockZone.GetLimitSize
 0001:000579D0       Controls.TDockZone.GetTopLeft
 0001:00057908       Controls.TDockZone.GetVisible
 0001:000578E4       Controls.TDockZone.GetVisibleChildCount
 0001:00057E28       Controls.TDockZone.GetZoneLimit
 0001:00057F04       Controls.TDockZone.NextVisible
 0001:00057F10       Controls.TDockZone.PrevVisible
 0001:00057B0C       Controls.TDockZone.ResetChildren
 0001:00057EA4       Controls.TDockZone.ResetZoneLimits
 0001:00057BF8       Controls.TDockZone.SetControlName
 0001:00057E50       Controls.TDockZone.SetZoneLimit
 0001:00057CAC       Controls.TDockZone.Update
[...]
 0004:000049F0       Classes.InstFreeList
 0004:000049F4       HelpIntfs..2
 0004:000049F8       HelpIntfs.HelpManager
 0004:000049FC       MultiMon.GetSystemMetrics
 0004:00004A00       MultiMon.MonitorFromWindow
 0004:00004A04       MultiMon.MonitorFromRect
 0004:00004A08       MultiMon.MonitorFromPoint
 0004:00004A0C       MultiMon.GetMonitorInfo
 0004:00004A10       MultiMon.GetMonitorInfoA
 0004:00004A14       MultiMon.GetMonitorInfoW
 0004:00004A18       MultiMon.EnumDisplayMonitors
 0004:00004A1C       MultiMon..1
 0004:00004A20       MultiMon.User32Dll
 0004:00004A24       MultiMon.InitApis
 0004:00004A2C       MultiMon.MMAvailable
 0004:00004A30       CommCtrl.ComCtl32DLL
 0004:00004A34       CommCtrl._InitCommonControlsEx
 0004:00004A38       CommCtrl._TaskDialogIndirect
 0004:00004A3C       IniFiles..8
 0004:00004A40       Registry..5
 0004:00004A44       Graphics.SystemPalette16
 0004:00004A48       Graphics..12
 0004:00004A4C       Graphics.ScreenLogPixels
 0004:00004A50       Graphics.StockPen
 0004:00004A54       Graphics.StockBrush
 0004:00004A58       Graphics.StockFont
 0004:00004A5C       Graphics.StockIcon
 0004:00004A60       Graphics.BitmapImageLock
 0004:00004A78       Graphics.CounterLock
 0004:00004A90       Graphics.FontManager
 0004:00004A94       Graphics.PenManager
 0004:00004A98       Graphics.BrushManager
 0004:00004A9C       Graphics.CanvasList
 0004:00004AA0       Graphics.PatternManager
 0004:00004AA4       UxTheme.OpenThemeData
 0004:00004AA8       UxTheme.CloseThemeData
 0004:00004AAC       UxTheme.DrawThemeBackground
 0004:00004AB0       UxTheme.DrawThemeText
 0004:00004AB4       UxTheme.GetThemeBackgroundContentRect
 0004:00004AB8       UxTheme.GetThemeBackgroundExtent
 0004:00004ABC       UxTheme.GetThemePartSize
 0004:00004AC0       UxTheme.GetThemeTextExtent
 0004:00004AC4       UxTheme.GetThemeTextMetrics
 0004:00004AC8       UxTheme.GetThemeBackgroundRegion
 0004:00004ACC       UxTheme.HitTestThemeBackground
 0004:00004AD0       UxTheme.DrawThemeEdge
 0004:00004AD4       UxTheme.DrawThemeIcon
 0004:00004AD8       UxTheme.IsThemePartDefined
 0004:00004ADC       UxTheme.IsThemeBackgroundPartiallyTransparent
 0004:00004AE0       UxTheme.GetThemeColor
 0004:00004AE4       UxTheme.GetThemeMetric
 0004:00004AE8       UxTheme.GetThemeString
 0004:00004AEC       UxTheme.GetThemeBool
 0004:00004AF0       UxTheme.GetThemeInt
 0004:00004AF4       UxTheme.GetThemeEnumValue
 0004:00004AF8       UxTheme.GetThemePosition
 0004:00004AFC       UxTheme.GetThemeFont
 0004:00004B00       UxTheme.GetThemeRect
 0004:00004B04       UxTheme.GetThemeMargins
 0004:00004B08       UxTheme.GetThemeIntList
 0004:00004B0C       UxTheme.GetThemePropertyOrigin
 0004:00004B10       UxTheme.SetWindowTheme
 0004:00004B14       UxTheme.GetThemeFilename
 0004:00004B18       UxTheme.GetThemeSysColor
 0004:00004B1C       UxTheme.GetThemeSysColorBrush
 0004:00004B20       UxTheme.GetThemeSysBool
 0004:00004B24       UxTheme.GetThemeSysSize
 0004:00004B28       UxTheme.GetThemeSysFont
 0004:00004B2C       UxTheme.GetThemeSysString
 0004:00004B30       UxTheme.GetThemeSysInt
 0004:00004B34       UxTheme.IsThemeActive
 0004:00004B38       UxTheme.IsAppThemed
 0004:00004B3C       UxTheme.GetWindowTheme
 0004:00004B40       UxTheme.EnableThemeDialogTexture
 0004:00004B44       UxTheme.IsThemeDialogTextureEnabled
 0004:00004B48       UxTheme.GetThemeAppProperties
 0004:00004B4C       UxTheme.SetThemeAppProperties
 0004:00004B50       UxTheme.GetCurrentThemeName
 0004:00004B54       UxTheme.GetThemeDocumentationProperty
 0004:00004B58       UxTheme.DrawThemeParentBackground
 0004:00004B5C       UxTheme.EnableTheming
 0004:00004B60       UxTheme..1
 0004:00004B64       UxTheme.ThemeLibrary
 0004:00004B68       UxTheme.ReferenceCount
 0004:00004B6C       UxTheme.Lock
 0004:00004B70       UxTheme._DrawThemeTextEx
 0004:00004B74       UxTheme._BeginBufferedPaint
 0004:00004B78       UxTheme._EndBufferedPaint
 0004:00004B7C       UxTheme._BufferedPaintSetAlpha
 0004:00004B80       DwmApi..1
 0004:00004B84       DwmApi.hDWMAPI
 0004:00004B88       DwmApi._DwmExtendFrameIntoClientArea
 0004:00004B8C       DwmApi._DwmIsCompositionEnabled
 0004:00004B90       Printers..3
 0004:00004B94       GraphUtil..2
 0004:00004B98       GraphUtil.MsImgHandle
 0004:00004B9C       GraphUtil.MsImgInitialized
 0004:00004BA0       GraphUtil.GradientFillFunc
 0004:00004BA4       ExtCtrls.TCustomTrayIcon.RM_TaskbarCreated
 0004:00004BA8       ExtCtrls..83
 0004:00004BAC       Dialogs..03
 0004:00004BB0       Dialogs.HelpMsg
 0004:00004BB4       Dialogs.FindMsg
 0004:00004BB8       Dialogs.ButtonWidths
 0004:00004BE4       Clipbrd.CF_PICTURE
 0004:00004BE6       Clipbrd.CF_COMPONENT
 0004:00004BE8       Clipbrd..2
 0004:00004BEC       Clipbrd.FClipboard
 0004:00004BF0       FlatSB.FlatSB_EnableScrollBar
 0004:00004BF4       FlatSB.FlatSB_ShowScrollBar
 0004:00004BF8       FlatSB.FlatSB_GetScrollRange
 0004:00004BFC       FlatSB.FlatSB_GetScrollInfo
 0004:00004C00       FlatSB.FlatSB_GetScrollPos
 0004:00004C04       FlatSB.FlatSB_SetScrollPos
 0004:00004C08       FlatSB.FlatSB_SetScrollInfo
 0004:00004C0C       FlatSB.FlatSB_SetScrollRange
 0004:00004C10       FlatSB..1
 0004:00004C14       FlatSB._FlatSB_GetScrollProp
 0004:00004C18       FlatSB._FlatSB_SetScrollProp
 0004:00004C1C       FlatSB._InitializeFlatSB
 0004:00004C20       FlatSB._UninitializeFlatSB
 0004:00004C24       Menus.PopupList
 0004:00004C28       Menus.ShortCutItems
 0004:00004C2C       Menus..01
 0004:00004C30       Menus.CommandPool
 0004:00004C34       Controls.Mouse
 0004:00004C38       Controls.IsVCLControlHook
 0004:00004C40       Controls.NewStyleControls
 0004:00004C44       Controls..33
 0004:00004C48       Controls.WindowAtom
 0004:00004C4A       Controls.ControlAtom
 0004:00004C4C       Controls.WindowAtomString
 0004:00004C50       Controls.ControlAtomString
 0004:00004C54       Controls.RM_GetObjectInstance
 0004:00004C58       Controls.DragControl
 0004:00004C5C       Controls.DragObject
 0004:00004C60       Controls.DragInternalObject
 0004:00004C64       Controls.DragCapture
 0004:00004C68       Controls.DragStartPos
 0004:00004C70       Controls.DragSaveCursor
 0004:00004C74       Controls.DragThreshold
 0004:00004C78       Controls.ActiveDrag
 0004:00004C7C       Controls.DragImageList
 0004:00004C80       Controls.DockSiteList
 0004:00004C84       Controls.QualifyingSites
 0004:00004C88       Controls.DragSave
 0004:00004C8C       Controls.CanvasList
 0004:00004C90       Controls._WINNLSEnableIME
 0004:00004C94       Controls._ImmGetContext
 0004:00004C98       Controls._ImmReleaseContext
 0004:00004C9C       Controls._ImmGetConversionStatus
 0004:00004CA0       Controls._ImmSetConversionStatus
 0004:00004CA4       Controls._ImmSetOpenStatus
 0004:00004CA8       Controls._ImmSetCompositionWindow
 0004:00004CAC       Controls._ImmSetCompositionFont
 0004:00004CB0       Controls._ImmGetCompositionString
 0004:00004CB4       Controls._ImmIsIME
 0004:00004CB8       Controls._ImmNotifyIME
 0004:00004CBC       Themes..2
 0004:00004CC0       Themes.InternalServices
 0004:00004CC4       Themes.RM_UnthemedDesigner
 0004:00004CC8       ImgList.CachedComCtrlVer
 0004:00004CCC       ImgList.ImageListWriteExProc
 0004:00004CD0       ActnList..9
 0004:00004CD4       Forms.Application
 0004:00004CD8       Forms.Screen
 0004:00004CDC       Forms..51
 0004:00004CE0       Forms.RM_TaskbarCreated
 0004:00004CE4       Forms.AppIconic
 0004:00004CE8       Forms.HintThreadID
 0004:00004CEC       Forms.HintDoneEvent
 0004:00004CF0       Forms.HintHook
 0004:00004CF4       Forms.HintThread
 0004:00004CF8       Forms.OwnedAppWnds
 0004:00004CFC       Forms.LastActive
 0004:00004D00       Forms.IdleTimerHandle
 0004:00004D04       Forms.AppMainFormOnTaskBar
 0004:00004D08       Buttons..5
 0004:00004D0C       Buttons.BitBtnGlyphs
 0004:00004D38       OracleCI.orlon
 0004:00004D3C       OracleCI.ologof
 0004:00004D40       OracleCI.oerhms
 0004:00004D44       OracleCI.oopen
 0004:00004D48       OracleCI.oparse
 0004:00004D4C       OracleCI.odefin
 0004:00004D50       OracleCI.oexfet
 0004:00004D54       OracleCI.oexec
 0004:00004D58       OracleCI.oexn
 0004:00004D5C       OracleCI.ofen
 0004:00004D60       OracleCI.oflng
 0004:00004D64       OracleCI.oclose
 0004:00004D68       OracleCI.odescr
 0004:00004D6C       OracleCI.obreak
 0004:00004D70       OracleCI.ocom
 0004:00004D74       OracleCI.orol
 0004:00004D78       OracleCI.ocon
 0004:00004D7C       OracleCI.ocof
 0004:00004D80       OracleCI.obndra
 0004:00004D84       OracleCI.odessp
 0004:00004D88       OracleCI.opinit
 0004:00004D8C       OracleCI.olog
 0004:00004D90       OracleCI.OCIInitialize
 0004:00004D94       OracleCI.OCIHandleAlloc
 0004:00004D98       OracleCI.OCIHandleFree
 0004:00004D9C       OracleCI.OCIDescriptorAlloc
 0004:00004DA0       OracleCI.OCIDescriptorFree
 0004:00004DA4       OracleCI.OCIEnvInit
 0004:00004DA8       OracleCI.OCIServerAttach
 0004:00004DAC       OracleCI.OCIServerDetach
 0004:00004DB0       OracleCI.OCISessionBegin
 0004:00004DB4       OracleCI.OCISessionEnd
 0004:00004DB8       OracleCI.OCILogon
 0004:00004DBC       OracleCI.OCILogoff
 0004:00004DC0       OracleCI.OCIPasswordChange
 0004:00004DC4       OracleCI.OCIStmtPrepare
 0004:00004DC8       OracleCI.OCIStmtPrepare2
 0004:00004DCC       OracleCI.OCIStmtRelease
 0004:00004DD0       OracleCI.OCIBindByPos
 0004:00004DD4       OracleCI.OCIBindByName
 0004:00004DD8       OracleCI.OCIBindObject
 0004:00004DDC       OracleCI.OCIBindDynamic
 0004:00004DE0       OracleCI.OCIBindArrayOfStruct
 0004:00004DE4       OracleCI.OCIStmtGetPieceInfo
 0004:00004DE8       OracleCI.OCIStmtSetPieceInfo
 0004:00004DEC       OracleCI.OCIStmtExecute
 0004:00004DF0       OracleCI.OCIDefineByPos
 0004:00004DF4       OracleCI.OCIDefineObject
 0004:00004DF8       OracleCI.OCIDefineDynamic
 0004:00004DFC       OracleCI.OCIDefineArrayOfStruct
 0004:00004E00       OracleCI.OCIStmtFetch
 0004:00004E04       OracleCI.OCIStmtFetch2
 0004:00004E08       OracleCI.OCIStmtGetBindInfo
 0004:00004E0C       OracleCI.OCIDescribeAny
 0004:00004E10       OracleCI.OCIParamGet
 0004:00004E14       OracleCI.OCIParamSet
 0004:00004E18       OracleCI.OCITransStart
 0004:00004E1C       OracleCI.OCITransDetach
 0004:00004E20       OracleCI.OCITransCommit
 0004:00004E24       OracleCI.OCITransRollback
 0004:00004E28       OracleCI.OCITransPrepare
 0004:00004E2C       OracleCI.OCITransForget
 0004:00004E30       OracleCI.OCIErrorGet
 0004:00004E34       OracleCI.OCILobAppend
 0004:00004E38       OracleCI.OCILobAssign
 0004:00004E3C       OracleCI.OCILobCharSetForm
 0004:00004E40       OracleCI.OCILobCharSetId
 0004:00004E44       OracleCI.OCILobCopy
 0004:00004E48       OracleCI.OCILobDisableBuffering
 0004:00004E4C       OracleCI.OCILobEnableBuffering
 0004:00004E50       OracleCI.OCILobErase
 0004:00004E54       OracleCI.OCILobFileClose
 0004:00004E58       OracleCI.OCILobFileCloseAll
 0004:00004E5C       OracleCI.OCILobFileExists
 0004:00004E60       OracleCI.OCILobFileGetName
 0004:00004E64       OracleCI.OCILobFileIsOpen
 0004:00004E68       OracleCI.OCILobFileOpen
 0004:00004E6C       OracleCI.OCILobFileSetName
 0004:00004E70       OracleCI.OCILobFlushBuffer
 0004:00004E74       OracleCI.OCILobGetLength
 0004:00004E78       OracleCI.OCILobIsEqual
 0004:00004E7C       OracleCI.OCILobLoadFromFile
 0004:00004E80       OracleCI.OCILobLocatorIsInit
 0004:00004E84       OracleCI.OCILobRead
 0004:00004E88       OracleCI.OCILobTrim
 0004:00004E8C       OracleCI.OCILobWrite
 0004:00004E90       OracleCI.OCIBreak
 0004:00004E94       OracleCI.OCIServerVersion
 0004:00004E98       OracleCI.OCIAttrGet
 0004:00004E9C       OracleCI.OCIAttrSet
 0004:00004EA0       OracleCI.OCISvcCtxToLda
 0004:00004EA4       OracleCI.OCILdaToSvcCtx
 0004:00004EA8       OracleCI.OCIResultSetToStmt
 0004:00004EAC       OracleCI.OCIObjectNew
 0004:00004EB0       OracleCI.OCIObjectFree
 0004:00004EB4       OracleCI.OCIObjectPin
 0004:00004EB8       OracleCI.OCIObjectUnpin
 0004:00004EBC       OracleCI.OCIObjectPinTable
 0004:00004EC0       OracleCI.OCIObjectCopy
 0004:00004EC4       OracleCI.OCIObjectMarkDelete
 0004:00004EC8       OracleCI.OCIObjectFlush
 0004:00004ECC       OracleCI.OCIObjectGetObjectRef
 0004:00004ED0       OracleCI.OCIObjectGetTypeRef
 0004:00004ED4       OracleCI.OCIObjectRefresh
 0004:00004ED8       OracleCI.OCIObjectIsDirty
 0004:00004EDC       OracleCI.OCIObjectIsLocked
 0004:00004EE0       OracleCI.OCIObjectGetInd
 0004:00004EE4       OracleCI.OCIObjectExists
 0004:00004EE8       OracleCI.OCIObjectGetAttr
 0004:00004EEC       OracleCI.OCIObjectSetAttr
 0004:00004EF0       OracleCI.OCIObjectLock
 0004:00004EF4       OracleCI.OCIObjectMarkUpdate
 0004:00004EF8       OracleCI.OCIObjectUnmark
 0004:00004EFC       OracleCI.OCITypeByName
 0004:00004F00       OracleCI.OCIStringPtr
 0004:00004F04       OracleCI.OCIStringSize
 0004:00004F08       OracleCI.OCIStringAssignText
 0004:00004F0C       OracleCI.OCINumberToInt
 0004:00004F10       OracleCI.OCINumberFromInt
 0004:00004F14       OracleCI.OCINumberToReal
 0004:00004F18       OracleCI.OCINumberToText
 0004:00004F1C       OracleCI.OCINumberFromText
 0004:00004F20       OracleCI.OCINumberFromReal
 0004:00004F24       OracleCI.OCIDateTimeToText
 0004:00004F28       OracleCI.OCIDateTimeFromText
 0004:00004F2C       OracleCI.OCIDateTimeAssign
 0004:00004F30       OracleCI.OCIRawPtr
 0004:00004F34       OracleCI.OCIRawSize
 0004:00004F38       OracleCI.OCIRawAssignBytes
 0004:00004F3C       OracleCI.OCIRefAssign
 0004:00004F40       OracleCI.OCIRefClear
 0004:00004F44       OracleCI.OCIRefIsNull
 0004:00004F48       OracleCI.OCIRefHexSize
 0004:00004F4C       OracleCI.OCIRefToHex
 0004:00004F50       OracleCI.OCIRefFromHex
 0004:00004F54       OracleCI.OCICollSize
 0004:00004F58       OracleCI.OCICollTrim
 0004:00004F5C       OracleCI.OCICollMax
 0004:00004F60       OracleCI.OCICollGetElem
 0004:00004F64       OracleCI.OCICollAssignElem
 0004:00004F68       OracleCI.OCICollAppend
 0004:00004F6C       OracleCI.OCITableDelete
 0004:00004F70       OracleCI.OCICacheFlush
 0004:00004F74       OracleCI.OCIExtProcGetEnv
 0004:00004F78       OracleCI.OCIExtProcRaiseExcpWithMsg
 0004:00004F7C       OracleCI.OCIEnvCreate
 0004:00004F80       OracleCI.OCIDirPathAbort
 0004:00004F84       OracleCI.OCIDirPathFinish
 0004:00004F88       OracleCI.OCIDirPathPrepare
 0004:00004F8C       OracleCI.OCIDirPathLoadStream
 0004:00004F90       OracleCI.OCIDirPathColArrayEntrySet
 0004:00004F94       OracleCI.OCIDirPathColArrayToStream
 0004:00004F98       OracleCI.OCIDirPathStreamReset
 0004:00004F9C       OracleCI.OCILobCreateTemporary
 0004:00004FA0       OracleCI.OCILobFreeTemporary
 0004:00004FA4       OracleCI.OCILobIsTemporary
 0004:00004FA8       OracleCI.OCISessionPoolCreate
 0004:00004FAC       OracleCI.OCISessionPoolDestroy
 0004:00004FB0       OracleCI.OCISessionGet
 0004:00004FB4       OracleCI.OCISessionRelease
 0004:00004FB8       OracleCI.OCIDateTimeGetDate
 0004:00004FBC       OracleCI.OCIDateTimeGetTime
 0004:00004FC0       OracleCI.OCIDateTimeConstruct
 0004:00004FC4       OracleCI.OCIDateTimeGetTimeZoneOffset
 0004:00004FC8       OracleCI.OraMTSSvcGet
 0004:00004FCC       OracleCI.OraMTSSvcRel
 0004:00004FD0       OracleCI.OraMTSSvcEnlist
 0004:00004FD4       OracleCI.OraMTSSvcEnlistEx
 0004:00004FD8       OracleCI.OraMTSTransTest
 0004:00004FDC       OracleCI..2
 0004:00004FE0       OracleCI.OracleUTF8Client
 0004:00004FE4       WideStrings..4
 0004:00004FE8       WideStrings.CharNextW
 0004:00004FEC       FMTBcd..3
 0004:00004FF0       SqlTimSt..1
 0004:00004FF4       ComObj..41
 0004:00004FF8       ComObj.OleUninitializing
 0004:00004FFC       ComObj.ComClassManagerVar
 0004:00005000       ComObj.SaveInitProc
 0004:00005004       ComObj.NeedToUninitialize
 0004:00005008       DB.DBScreen
 0004:0000500C       DB.DBApplication
 0004:00005010       DB..66
 0004:00005014       OracleFilter..01
 0004:00005018       ExtDlgs..6
 0004:0000501C       Mapi..1
 0004:00005020       ExtActns..72
 0004:00005024       ExtActns.UrlMonHandle
 0004:00005028       ExtActns.UrlMonInitialized
 0004:0000502C       ComCtrls..76
 0004:00005030       ComCtrls.ShellModule
 0004:00005034       ComCtrls.FRichEditModule
 0004:00005038       OracleCompress..1
 0004:0000503C       OracleCompress.LZHSection
 0004:00005040       OracleCompress.Text_buf
 0004:00005044       OracleCompress.lson
 0004:00005048       OracleCompress.dad
 0004:0000504C       OracleCompress.rson
 0004:00005050       OracleCompress.freq
 0004:00005054       OracleCompress.prnt
 0004:00005058       OracleCompress.son
 0004:0000505C       OracleCompress.GlobalInStream
 0004:00005060       OracleCompress.GlobalOutStream
 0004:00005064       OracleCompress.code
 0004:00005066       OracleCompress.len
 0004:00005068       OracleData..41
 0004:0000506C       OracleData.SetTextField
 0004:00005070       OracleLogon.LogonHistory
 0004:00005074       OracleLogon..4
 0004:00005078       Oracle.parNone
 0004:00005088       Oracle.parString
 0004:00005098       Oracle.parInteger
 0004:000050A8       Oracle.parFloat
 0004:000050B8       Oracle.parDate
 0004:000050C8       Oracle.parBoolean
 0004:000050D8       Oracle.SetDefaults
 0004:000050DC       Oracle..74
 0004:000050E0       UnTest.Form1
 0005:00000000       System.RaiseListPtr
 0005:00000004       System.InOutRes
 0005:00000008       Classes.GlobalLoaded
 0005:0000000C       Classes.GlobalLists
 0005:00000010       GraphUtil.CachedRGBToHLSHue
 0005:00000014       GraphUtil.CachedHighlightLum
 0005:00000018       GraphUtil.CachedHighlightColor
 0005:0000001C       GraphUtil.CachedHighlight
 0005:00000020       GraphUtil.CachedShadowLum
 0005:00000024       GraphUtil.CachedShadowColor
 0005:00000028       GraphUtil.CachedShadow
 0005:0000002C       GraphUtil.CachedColorValue
 0005:00000030       GraphUtil.CachedLumValue
 0005:00000034       GraphUtil.CachedColorAdjustLuma
 0005:00000038       SysInit.TlsLast


Line numbers for UnTest(UnTest.pas) segment .text

    55 0001:000D25CC    57 0001:000D25EC    58 0001:000D2608    59 0001:000D2624
    60 0001:000D2640    62 0001:000D264D    64 0001:000D265F    65 0001:000D266D
    67 0001:000D2695    69 0001:000D2697    70 0001:000D26AF    73 0001:000D26BE
    74 0001:000D26CC    76 0001:000D26D2    77 0001:000D26E4    78 0001:000D26E8
    87 0001:000D2746    90 0001:000D2757    91 0001:000D276C   109 0001:000D282C
   110 0001:000D284A   112 0001:000D285C   113 0001:000D2869   114 0001:000D2877
   119 0001:000D2881   120 0001:000D2893   121 0001:000D289B   122 0001:000D28A9
   123 0001:000D28C8   125 0001:000D28CF   126 0001:000D28F0   135 0001:000D292C
   136 0001:000D292E   140 0001:000D2963   143 0001:000D2974   144 0001:000D2989
   160 0001:000D2B3C   161 0001:000D2B5D   163 0001:000D2B6F   164 0001:000D2B7C
   165 0001:000D2B8A   170 0001:000D2B94   171 0001:000D2BA6   172 0001:000D2BAE
   173 0001:000D2BBC   174 0001:000D2BCB   188 0001:000D2BD9   191 0001:000D2BF2
   201 0001:000D2C22   204 0001:000D2C4D   205 0001:000D2C4F   209 0001:000D2C84
   212 0001:000D2C95   213 0001:000D2CAA   215 0001:000D2DA2

Line numbers for DICOM_Viewer_Test(DICOM_Viewer_Test.dpr) segment .itext

     9 0002:00000ACC    10 0002:00000ADC    11 0002:00000AE8    12 0002:00000AF6
    13 0002:00000B0E    14 0002:00000B1A

Bound resource files

c:\program files (x86)\codegear\rad studio\5.0\lib\Controls.res
c:\program files (x86)\codegear\rad studio\5.0\lib\Buttons.res
c:\program files (x86)\codegear\rad studio\5.0\lib\FileCtrl.res
c:\program files (x86)\codegear\rad studio\5.0\lib\ExtDlgs.res
c:\program files (x86)\codegear\rad studio\5.0\DOA\OracleSelForm.dfm
c:\program files (x86)\codegear\rad studio\5.0\DOA\OracleLogon.dfm
UnTest.dfm
DICOM_Viewer_Test.res
DICOM_Viewer_Test.drf


Program entry point at 0002:00000ACC
